{
  "errors": {
    "MISSING_MANDATORY_KEY": {
      "data": [
        "@xsi:type"
      ], 
      "refersTo": {
        "@idref": "tree1945"
      }
    }
  }, 
  "warnings": {
    "MISSING_OPTIONAL_KEY": [
      {
        "data": [
          "ot:ottId"
        ], 
        "refersTo": {
          "@idref": "otu213260"
        }
      }, 
      {
        "data": [
          "ot:ottId"
        ], 
        "refersTo": {
          "@idref": "otu213261"
        }
      }, 
      {
        "data": [
          "ot:ottId"
        ], 
        "refersTo": {
          "@idref": "otu213262"
        }
      }, 
      {
        "data": [
          "ot:ottId"
        ], 
        "refersTo": {
          "@idref": "otu213263"
        }
      }, 
      {
        "data": [
          "ot:ottId"
        ], 
        "refersTo": {
          "@idref": "otu213264"
        }
      }, 
      {
        "data": [
          "ot:ottId"
        ], 
        "refersTo": {
          "@idref": "otu213265"
        }
      }, 
      {
        "data": [
          "ot:ottId"
        ], 
        "refersTo": {
          "@idref": "otu213266"
        }
      }, 
      {
        "data": [
          "ot:ottId"
        ], 
        "refersTo": {
          "@idref": "otu213267"
        }
      }, 
      {
        "data": [
          "ot:ottId"
        ], 
        "refersTo": {
          "@idref": "otu213268"
        }
      }, 
      {
        "data": [
          "ot:ottId"
        ], 
        "refersTo": {
          "@idref": "otu213269"
        }
      }, 
      {
        "data": [
          "ot:ottId"
        ], 
        "refersTo": {
          "@idref": "otu213270"
        }
      }, 
      {
        "data": [
          "ot:ottId"
        ], 
        "refersTo": {
          "@idref": "otu213271"
        }
      }, 
      {
        "data": [
          "ot:ottId"
        ], 
        "refersTo": {
          "@idref": "otu213272"
        }
      }, 
      {
        "data": [
          "ot:ottId"
        ], 
        "refersTo": {
          "@idref": "otu213273"
        }
      }, 
      {
        "data": [
          "ot:ottId"
        ], 
        "refersTo": {
          "@idref": "otu213274"
        }
      }, 
      {
        "data": [
          "ot:ottId"
        ], 
        "refersTo": {
          "@idref": "otu213275"
        }
      }, 
      {
        "data": [
          "ot:ottId"
        ], 
        "refersTo": {
          "@idref": "otu213276"
        }
      }, 
      {
        "data": [
          "ot:ottId"
        ], 
        "refersTo": {
          "@idref": "otu213277"
        }
      }, 
      {
        "data": [
          "ot:ottId"
        ], 
        "refersTo": {
          "@idref": "otu213278"
        }
      }, 
      {
        "data": [
          "ot:ottId"
        ], 
        "refersTo": {
          "@idref": "otu213279"
        }
      }, 
      {
        "data": [
          "ot:ottId"
        ], 
        "refersTo": {
          "@idref": "otu213280"
        }
      }, 
      {
        "data": [
          "ot:ottId"
        ], 
        "refersTo": {
          "@idref": "otu213281"
        }
      }, 
      {
        "data": [
          "ot:ottId"
        ], 
        "refersTo": {
          "@idref": "otu213282"
        }
      }, 
      {
        "data": [
          "ot:ottId"
        ], 
        "refersTo": {
          "@idref": "otu213283"
        }
      }, 
      {
        "data": [
          "ot:ottId"
        ], 
        "refersTo": {
          "@idref": "otu213284"
        }
      }, 
      {
        "data": [
          "ot:ottId"
        ], 
        "refersTo": {
          "@idref": "otu213285"
        }
      }, 
      {
        "data": [
          "ot:ottId"
        ], 
        "refersTo": {
          "@idref": "otu213286"
        }
      }, 
      {
        "data": [
          "ot:ottId"
        ], 
        "refersTo": {
          "@idref": "otu213287"
        }
      }, 
      {
        "data": [
          "ot:ottId"
        ], 
        "refersTo": {
          "@idref": "otu213288"
        }
      }, 
      {
        "data": [
          "ot:ottId"
        ], 
        "refersTo": {
          "@idref": "otu213289"
        }
      }, 
      {
        "data": [
          "ot:ottId"
        ], 
        "refersTo": {
          "@idref": "otu213290"
        }
      }, 
      {
        "data": [
          "ot:ottId"
        ], 
        "refersTo": {
          "@idref": "otu213291"
        }
      }, 
      {
        "data": [
          "ot:ottId"
        ], 
        "refersTo": {
          "@idref": "otu213292"
        }
      }, 
      {
        "data": [
          "ot:ottId"
        ], 
        "refersTo": {
          "@idref": "otu213293"
        }
      }, 
      {
        "data": [
          "ot:ottId"
        ], 
        "refersTo": {
          "@idref": "otu213294"
        }
      }, 
      {
        "data": [
          "ot:ottId"
        ], 
        "refersTo": {
          "@idref": "otu213295"
        }
      }, 
      {
        "data": [
          "ot:ottId"
        ], 
        "refersTo": {
          "@idref": "otu213296"
        }
      }, 
      {
        "data": [
          "ot:ottId"
        ], 
        "refersTo": {
          "@idref": "otu213297"
        }
      }, 
      {
        "data": [
          "ot:ottId"
        ], 
        "refersTo": {
          "@idref": "otu213298"
        }
      }, 
      {
        "data": [
          "ot:ottId"
        ], 
        "refersTo": {
          "@idref": "otu213299"
        }
      }, 
      {
        "data": [
          "ot:ottId"
        ], 
        "refersTo": {
          "@idref": "otu213300"
        }
      }, 
      {
        "data": [
          "ot:ottId"
        ], 
        "refersTo": {
          "@idref": "otu213301"
        }
      }, 
      {
        "data": [
          "ot:ottId"
        ], 
        "refersTo": {
          "@idref": "otu213302"
        }
      }, 
      {
        "data": [
          "ot:ottId"
        ], 
        "refersTo": {
          "@idref": "otu213303"
        }
      }, 
      {
        "data": [
          "ot:ottId"
        ], 
        "refersTo": {
          "@idref": "otu213304"
        }
      }, 
      {
        "data": [
          "ot:ottId"
        ], 
        "refersTo": {
          "@idref": "otu213305"
        }
      }, 
      {
        "data": [
          "ot:ottId"
        ], 
        "refersTo": {
          "@idref": "otu213306"
        }
      }, 
      {
        "data": [
          "ot:ottId"
        ], 
        "refersTo": {
          "@idref": "otu213307"
        }
      }, 
      {
        "data": [
          "ot:ottId"
        ], 
        "refersTo": {
          "@idref": "otu213308"
        }
      }, 
      {
        "data": [
          "ot:ottId"
        ], 
        "refersTo": {
          "@idref": "otu213309"
        }
      }, 
      {
        "data": [
          "ot:ottId"
        ], 
        "refersTo": {
          "@idref": "otu213310"
        }
      }, 
      {
        "data": [
          "ot:ottId"
        ], 
        "refersTo": {
          "@idref": "otu213311"
        }
      }, 
      {
        "data": [
          "ot:ottId"
        ], 
        "refersTo": {
          "@idref": "otu213312"
        }
      }, 
      {
        "data": [
          "ot:ottId"
        ], 
        "refersTo": {
          "@idref": "otu213313"
        }
      }, 
      {
        "data": [
          "ot:ottId"
        ], 
        "refersTo": {
          "@idref": "otu213314"
        }
      }, 
      {
        "data": [
          "ot:ottId"
        ], 
        "refersTo": {
          "@idref": "otu213315"
        }
      }, 
      {
        "data": [
          "ot:ottId"
        ], 
        "refersTo": {
          "@idref": "otu213316"
        }
      }, 
      {
        "data": [
          "ot:ottId"
        ], 
        "refersTo": {
          "@idref": "otu213317"
        }
      }, 
      {
        "data": [
          "ot:ottId"
        ], 
        "refersTo": {
          "@idref": "otu213318"
        }
      }, 
      {
        "data": [
          "ot:ottId"
        ], 
        "refersTo": {
          "@idref": "otu213319"
        }
      }, 
      {
        "data": [
          "ot:ottId"
        ], 
        "refersTo": {
          "@idref": "otu213320"
        }
      }, 
      {
        "data": [
          "ot:ottId"
        ], 
        "refersTo": {
          "@idref": "otu213321"
        }
      }, 
      {
        "data": [
          "ot:ottId"
        ], 
        "refersTo": {
          "@idref": "otu213322"
        }
      }, 
      {
        "data": [
          "ot:ottId"
        ], 
        "refersTo": {
          "@idref": "otu213323"
        }
      }, 
      {
        "data": [
          "ot:ottId"
        ], 
        "refersTo": {
          "@idref": "otu213324"
        }
      }, 
      {
        "data": [
          "ot:ottId"
        ], 
        "refersTo": {
          "@idref": "otu213325"
        }
      }, 
      {
        "data": [
          "ot:ottId"
        ], 
        "refersTo": {
          "@idref": "otu213326"
        }
      }, 
      {
        "data": [
          "ot:ottId"
        ], 
        "refersTo": {
          "@idref": "otu213327"
        }
      }, 
      {
        "data": [
          "ot:ottId"
        ], 
        "refersTo": {
          "@idref": "otu213328"
        }
      }, 
      {
        "data": [
          "ot:ottId"
        ], 
        "refersTo": {
          "@idref": "otu213329"
        }
      }, 
      {
        "data": [
          "ot:ottId"
        ], 
        "refersTo": {
          "@idref": "otu213330"
        }
      }, 
      {
        "data": [
          "ot:ottId"
        ], 
        "refersTo": {
          "@idref": "otu213331"
        }
      }, 
      {
        "data": [
          "ot:ottId"
        ], 
        "refersTo": {
          "@idref": "otu213332"
        }
      }, 
      {
        "data": [
          "ot:ottId"
        ], 
        "refersTo": {
          "@idref": "otu213333"
        }
      }, 
      {
        "data": [
          "ot:ottId"
        ], 
        "refersTo": {
          "@idref": "otu213334"
        }
      }, 
      {
        "data": [
          "ot:ottId"
        ], 
        "refersTo": {
          "@idref": "otu213335"
        }
      }, 
      {
        "data": [
          "ot:ottId"
        ], 
        "refersTo": {
          "@idref": "otu213336"
        }
      }, 
      {
        "data": [
          "ot:ottId"
        ], 
        "refersTo": {
          "@idref": "otu213337"
        }
      }, 
      {
        "data": [
          "ot:ottId"
        ], 
        "refersTo": {
          "@idref": "otu213338"
        }
      }, 
      {
        "data": [
          "ot:ottId"
        ], 
        "refersTo": {
          "@idref": "otu213339"
        }
      }, 
      {
        "data": [
          "ot:ottId"
        ], 
        "refersTo": {
          "@idref": "otu213340"
        }
      }, 
      {
        "data": [
          "ot:ottId"
        ], 
        "refersTo": {
          "@idref": "otu213341"
        }
      }, 
      {
        "data": [
          "ot:ottId"
        ], 
        "refersTo": {
          "@idref": "otu213342"
        }
      }, 
      {
        "data": [
          "ot:ottId"
        ], 
        "refersTo": {
          "@idref": "otu213343"
        }
      }, 
      {
        "data": [
          "ot:ottId"
        ], 
        "refersTo": {
          "@idref": "otu213344"
        }
      }, 
      {
        "data": [
          "ot:ottId"
        ], 
        "refersTo": {
          "@idref": "otu213345"
        }
      }, 
      {
        "data": [
          "ot:ottId"
        ], 
        "refersTo": {
          "@idref": "otu213346"
        }
      }, 
      {
        "data": [
          "ot:ottId"
        ], 
        "refersTo": {
          "@idref": "otu213347"
        }
      }, 
      {
        "data": [
          "ot:ottId"
        ], 
        "refersTo": {
          "@idref": "otu213348"
        }
      }, 
      {
        "data": [
          "ot:ottId"
        ], 
        "refersTo": {
          "@idref": "otu213349"
        }
      }, 
      {
        "data": [
          "ot:ottId"
        ], 
        "refersTo": {
          "@idref": "otu213350"
        }
      }, 
      {
        "data": [
          "ot:ottId"
        ], 
        "refersTo": {
          "@idref": "otu213351"
        }
      }, 
      {
        "data": [
          "ot:ottId"
        ], 
        "refersTo": {
          "@idref": "otu213352"
        }
      }, 
      {
        "data": [
          "ot:ottId"
        ], 
        "refersTo": {
          "@idref": "otu213353"
        }
      }, 
      {
        "data": [
          "ot:ottId"
        ], 
        "refersTo": {
          "@idref": "otu213354"
        }
      }, 
      {
        "data": [
          "ot:ottId"
        ], 
        "refersTo": {
          "@idref": "otu213355"
        }
      }, 
      {
        "data": [
          "ot:ottId"
        ], 
        "refersTo": {
          "@idref": "otu213356"
        }
      }, 
      {
        "data": [
          "ot:dataDeposit"
        ], 
        "refersTo": {
          "@idref": "study"
        }
      }, 
      {
        "data": [
          "ot:branchLengthMode", 
          "ot:branchLengthTimeUnit", 
          "ot:curatedType", 
          "ot:tag"
        ], 
        "refersTo": {
          "@idref": "tree1945"
        }
      }
    ], 
    "UNRECOGNIZED_KEY": [
      {
        "data": [
          "@label"
        ], 
        "refersTo": {
          "@idref": "otu213260"
        }
      }, 
      {
        "data": [
          "ot:ottolid"
        ], 
        "refersTo": {
          "@idref": "otu213260"
        }
      }, 
      {
        "data": [
          "@label"
        ], 
        "refersTo": {
          "@idref": "otu213261"
        }
      }, 
      {
        "data": [
          "ot:ottolid"
        ], 
        "refersTo": {
          "@idref": "otu213261"
        }
      }, 
      {
        "data": [
          "@label"
        ], 
        "refersTo": {
          "@idref": "otu213262"
        }
      }, 
      {
        "data": [
          "ot:ottolid"
        ], 
        "refersTo": {
          "@idref": "otu213262"
        }
      }, 
      {
        "data": [
          "@label"
        ], 
        "refersTo": {
          "@idref": "otu213263"
        }
      }, 
      {
        "data": [
          "ot:ottolid"
        ], 
        "refersTo": {
          "@idref": "otu213263"
        }
      }, 
      {
        "data": [
          "@label"
        ], 
        "refersTo": {
          "@idref": "otu213264"
        }
      }, 
      {
        "data": [
          "ot:ottolid"
        ], 
        "refersTo": {
          "@idref": "otu213264"
        }
      }, 
      {
        "data": [
          "@label"
        ], 
        "refersTo": {
          "@idref": "otu213265"
        }
      }, 
      {
        "data": [
          "ot:ottolid"
        ], 
        "refersTo": {
          "@idref": "otu213265"
        }
      }, 
      {
        "data": [
          "@label"
        ], 
        "refersTo": {
          "@idref": "otu213266"
        }
      }, 
      {
        "data": [
          "ot:ottolid"
        ], 
        "refersTo": {
          "@idref": "otu213266"
        }
      }, 
      {
        "data": [
          "@label"
        ], 
        "refersTo": {
          "@idref": "otu213267"
        }
      }, 
      {
        "data": [
          "ot:ottolid"
        ], 
        "refersTo": {
          "@idref": "otu213267"
        }
      }, 
      {
        "data": [
          "@label"
        ], 
        "refersTo": {
          "@idref": "otu213268"
        }
      }, 
      {
        "data": [
          "ot:ottolid"
        ], 
        "refersTo": {
          "@idref": "otu213268"
        }
      }, 
      {
        "data": [
          "@label"
        ], 
        "refersTo": {
          "@idref": "otu213269"
        }
      }, 
      {
        "data": [
          "ot:ottolid"
        ], 
        "refersTo": {
          "@idref": "otu213269"
        }
      }, 
      {
        "data": [
          "@label"
        ], 
        "refersTo": {
          "@idref": "otu213270"
        }
      }, 
      {
        "data": [
          "ot:ottolid"
        ], 
        "refersTo": {
          "@idref": "otu213270"
        }
      }, 
      {
        "data": [
          "@label"
        ], 
        "refersTo": {
          "@idref": "otu213271"
        }
      }, 
      {
        "data": [
          "ot:ottolid"
        ], 
        "refersTo": {
          "@idref": "otu213271"
        }
      }, 
      {
        "data": [
          "@label"
        ], 
        "refersTo": {
          "@idref": "otu213272"
        }
      }, 
      {
        "data": [
          "ot:ottolid"
        ], 
        "refersTo": {
          "@idref": "otu213272"
        }
      }, 
      {
        "data": [
          "@label"
        ], 
        "refersTo": {
          "@idref": "otu213273"
        }
      }, 
      {
        "data": [
          "ot:ottolid"
        ], 
        "refersTo": {
          "@idref": "otu213273"
        }
      }, 
      {
        "data": [
          "@label"
        ], 
        "refersTo": {
          "@idref": "otu213274"
        }
      }, 
      {
        "data": [
          "ot:ottolid"
        ], 
        "refersTo": {
          "@idref": "otu213274"
        }
      }, 
      {
        "data": [
          "@label"
        ], 
        "refersTo": {
          "@idref": "otu213275"
        }
      }, 
      {
        "data": [
          "ot:ottolid"
        ], 
        "refersTo": {
          "@idref": "otu213275"
        }
      }, 
      {
        "data": [
          "@label"
        ], 
        "refersTo": {
          "@idref": "otu213276"
        }
      }, 
      {
        "data": [
          "ot:ottolid"
        ], 
        "refersTo": {
          "@idref": "otu213276"
        }
      }, 
      {
        "data": [
          "@label"
        ], 
        "refersTo": {
          "@idref": "otu213277"
        }
      }, 
      {
        "data": [
          "ot:ottolid"
        ], 
        "refersTo": {
          "@idref": "otu213277"
        }
      }, 
      {
        "data": [
          "@label"
        ], 
        "refersTo": {
          "@idref": "otu213278"
        }
      }, 
      {
        "data": [
          "ot:ottolid"
        ], 
        "refersTo": {
          "@idref": "otu213278"
        }
      }, 
      {
        "data": [
          "@label"
        ], 
        "refersTo": {
          "@idref": "otu213279"
        }
      }, 
      {
        "data": [
          "ot:ottolid"
        ], 
        "refersTo": {
          "@idref": "otu213279"
        }
      }, 
      {
        "data": [
          "@label"
        ], 
        "refersTo": {
          "@idref": "otu213280"
        }
      }, 
      {
        "data": [
          "ot:ottolid"
        ], 
        "refersTo": {
          "@idref": "otu213280"
        }
      }, 
      {
        "data": [
          "@label"
        ], 
        "refersTo": {
          "@idref": "otu213281"
        }
      }, 
      {
        "data": [
          "ot:ottolid"
        ], 
        "refersTo": {
          "@idref": "otu213281"
        }
      }, 
      {
        "data": [
          "@label"
        ], 
        "refersTo": {
          "@idref": "otu213282"
        }
      }, 
      {
        "data": [
          "ot:ottolid"
        ], 
        "refersTo": {
          "@idref": "otu213282"
        }
      }, 
      {
        "data": [
          "@label"
        ], 
        "refersTo": {
          "@idref": "otu213283"
        }
      }, 
      {
        "data": [
          "ot:ottolid"
        ], 
        "refersTo": {
          "@idref": "otu213283"
        }
      }, 
      {
        "data": [
          "@label"
        ], 
        "refersTo": {
          "@idref": "otu213284"
        }
      }, 
      {
        "data": [
          "ot:ottolid"
        ], 
        "refersTo": {
          "@idref": "otu213284"
        }
      }, 
      {
        "data": [
          "@label"
        ], 
        "refersTo": {
          "@idref": "otu213285"
        }
      }, 
      {
        "data": [
          "ot:ottolid"
        ], 
        "refersTo": {
          "@idref": "otu213285"
        }
      }, 
      {
        "data": [
          "@label"
        ], 
        "refersTo": {
          "@idref": "otu213286"
        }
      }, 
      {
        "data": [
          "ot:ottolid"
        ], 
        "refersTo": {
          "@idref": "otu213286"
        }
      }, 
      {
        "data": [
          "@label"
        ], 
        "refersTo": {
          "@idref": "otu213287"
        }
      }, 
      {
        "data": [
          "ot:ottolid"
        ], 
        "refersTo": {
          "@idref": "otu213287"
        }
      }, 
      {
        "data": [
          "@label"
        ], 
        "refersTo": {
          "@idref": "otu213288"
        }
      }, 
      {
        "data": [
          "ot:ottolid"
        ], 
        "refersTo": {
          "@idref": "otu213288"
        }
      }, 
      {
        "data": [
          "@label"
        ], 
        "refersTo": {
          "@idref": "otu213289"
        }
      }, 
      {
        "data": [
          "ot:ottolid"
        ], 
        "refersTo": {
          "@idref": "otu213289"
        }
      }, 
      {
        "data": [
          "@label"
        ], 
        "refersTo": {
          "@idref": "otu213290"
        }
      }, 
      {
        "data": [
          "ot:ottolid"
        ], 
        "refersTo": {
          "@idref": "otu213290"
        }
      }, 
      {
        "data": [
          "@label"
        ], 
        "refersTo": {
          "@idref": "otu213291"
        }
      }, 
      {
        "data": [
          "ot:ottolid"
        ], 
        "refersTo": {
          "@idref": "otu213291"
        }
      }, 
      {
        "data": [
          "@label"
        ], 
        "refersTo": {
          "@idref": "otu213292"
        }
      }, 
      {
        "data": [
          "ot:ottolid"
        ], 
        "refersTo": {
          "@idref": "otu213292"
        }
      }, 
      {
        "data": [
          "@label"
        ], 
        "refersTo": {
          "@idref": "otu213293"
        }
      }, 
      {
        "data": [
          "ot:ottolid"
        ], 
        "refersTo": {
          "@idref": "otu213293"
        }
      }, 
      {
        "data": [
          "@label"
        ], 
        "refersTo": {
          "@idref": "otu213294"
        }
      }, 
      {
        "data": [
          "ot:ottolid"
        ], 
        "refersTo": {
          "@idref": "otu213294"
        }
      }, 
      {
        "data": [
          "@label"
        ], 
        "refersTo": {
          "@idref": "otu213295"
        }
      }, 
      {
        "data": [
          "ot:ottolid"
        ], 
        "refersTo": {
          "@idref": "otu213295"
        }
      }, 
      {
        "data": [
          "@label"
        ], 
        "refersTo": {
          "@idref": "otu213296"
        }
      }, 
      {
        "data": [
          "ot:ottolid"
        ], 
        "refersTo": {
          "@idref": "otu213296"
        }
      }, 
      {
        "data": [
          "@label"
        ], 
        "refersTo": {
          "@idref": "otu213297"
        }
      }, 
      {
        "data": [
          "ot:ottolid"
        ], 
        "refersTo": {
          "@idref": "otu213297"
        }
      }, 
      {
        "data": [
          "@label"
        ], 
        "refersTo": {
          "@idref": "otu213298"
        }
      }, 
      {
        "data": [
          "ot:ottolid"
        ], 
        "refersTo": {
          "@idref": "otu213298"
        }
      }, 
      {
        "data": [
          "@label"
        ], 
        "refersTo": {
          "@idref": "otu213299"
        }
      }, 
      {
        "data": [
          "ot:ottolid"
        ], 
        "refersTo": {
          "@idref": "otu213299"
        }
      }, 
      {
        "data": [
          "@label"
        ], 
        "refersTo": {
          "@idref": "otu213300"
        }
      }, 
      {
        "data": [
          "ot:ottolid"
        ], 
        "refersTo": {
          "@idref": "otu213300"
        }
      }, 
      {
        "data": [
          "@label"
        ], 
        "refersTo": {
          "@idref": "otu213301"
        }
      }, 
      {
        "data": [
          "ot:ottolid"
        ], 
        "refersTo": {
          "@idref": "otu213301"
        }
      }, 
      {
        "data": [
          "@label"
        ], 
        "refersTo": {
          "@idref": "otu213302"
        }
      }, 
      {
        "data": [
          "ot:ottolid"
        ], 
        "refersTo": {
          "@idref": "otu213302"
        }
      }, 
      {
        "data": [
          "@label"
        ], 
        "refersTo": {
          "@idref": "otu213303"
        }
      }, 
      {
        "data": [
          "ot:ottolid"
        ], 
        "refersTo": {
          "@idref": "otu213303"
        }
      }, 
      {
        "data": [
          "@label"
        ], 
        "refersTo": {
          "@idref": "otu213304"
        }
      }, 
      {
        "data": [
          "ot:ottolid"
        ], 
        "refersTo": {
          "@idref": "otu213304"
        }
      }, 
      {
        "data": [
          "@label"
        ], 
        "refersTo": {
          "@idref": "otu213305"
        }
      }, 
      {
        "data": [
          "ot:ottolid"
        ], 
        "refersTo": {
          "@idref": "otu213305"
        }
      }, 
      {
        "data": [
          "@label"
        ], 
        "refersTo": {
          "@idref": "otu213306"
        }
      }, 
      {
        "data": [
          "ot:ottolid"
        ], 
        "refersTo": {
          "@idref": "otu213306"
        }
      }, 
      {
        "data": [
          "@label"
        ], 
        "refersTo": {
          "@idref": "otu213307"
        }
      }, 
      {
        "data": [
          "ot:ottolid"
        ], 
        "refersTo": {
          "@idref": "otu213307"
        }
      }, 
      {
        "data": [
          "@label"
        ], 
        "refersTo": {
          "@idref": "otu213308"
        }
      }, 
      {
        "data": [
          "ot:ottolid"
        ], 
        "refersTo": {
          "@idref": "otu213308"
        }
      }, 
      {
        "data": [
          "@label"
        ], 
        "refersTo": {
          "@idref": "otu213309"
        }
      }, 
      {
        "data": [
          "ot:ottolid"
        ], 
        "refersTo": {
          "@idref": "otu213309"
        }
      }, 
      {
        "data": [
          "@label"
        ], 
        "refersTo": {
          "@idref": "otu213310"
        }
      }, 
      {
        "data": [
          "ot:ottolid"
        ], 
        "refersTo": {
          "@idref": "otu213310"
        }
      }, 
      {
        "data": [
          "@label"
        ], 
        "refersTo": {
          "@idref": "otu213311"
        }
      }, 
      {
        "data": [
          "ot:ottolid"
        ], 
        "refersTo": {
          "@idref": "otu213311"
        }
      }, 
      {
        "data": [
          "@label"
        ], 
        "refersTo": {
          "@idref": "otu213312"
        }
      }, 
      {
        "data": [
          "ot:ottolid"
        ], 
        "refersTo": {
          "@idref": "otu213312"
        }
      }, 
      {
        "data": [
          "@label"
        ], 
        "refersTo": {
          "@idref": "otu213313"
        }
      }, 
      {
        "data": [
          "ot:ottolid"
        ], 
        "refersTo": {
          "@idref": "otu213313"
        }
      }, 
      {
        "data": [
          "@label"
        ], 
        "refersTo": {
          "@idref": "otu213314"
        }
      }, 
      {
        "data": [
          "ot:ottolid"
        ], 
        "refersTo": {
          "@idref": "otu213314"
        }
      }, 
      {
        "data": [
          "@label"
        ], 
        "refersTo": {
          "@idref": "otu213315"
        }
      }, 
      {
        "data": [
          "ot:ottolid"
        ], 
        "refersTo": {
          "@idref": "otu213315"
        }
      }, 
      {
        "data": [
          "@label"
        ], 
        "refersTo": {
          "@idref": "otu213316"
        }
      }, 
      {
        "data": [
          "ot:ottolid"
        ], 
        "refersTo": {
          "@idref": "otu213316"
        }
      }, 
      {
        "data": [
          "@label"
        ], 
        "refersTo": {
          "@idref": "otu213317"
        }
      }, 
      {
        "data": [
          "ot:ottolid"
        ], 
        "refersTo": {
          "@idref": "otu213317"
        }
      }, 
      {
        "data": [
          "@label"
        ], 
        "refersTo": {
          "@idref": "otu213318"
        }
      }, 
      {
        "data": [
          "ot:ottolid"
        ], 
        "refersTo": {
          "@idref": "otu213318"
        }
      }, 
      {
        "data": [
          "@label"
        ], 
        "refersTo": {
          "@idref": "otu213319"
        }
      }, 
      {
        "data": [
          "ot:ottolid"
        ], 
        "refersTo": {
          "@idref": "otu213319"
        }
      }, 
      {
        "data": [
          "@label"
        ], 
        "refersTo": {
          "@idref": "otu213320"
        }
      }, 
      {
        "data": [
          "ot:ottolid"
        ], 
        "refersTo": {
          "@idref": "otu213320"
        }
      }, 
      {
        "data": [
          "@label"
        ], 
        "refersTo": {
          "@idref": "otu213321"
        }
      }, 
      {
        "data": [
          "ot:ottolid"
        ], 
        "refersTo": {
          "@idref": "otu213321"
        }
      }, 
      {
        "data": [
          "@label"
        ], 
        "refersTo": {
          "@idref": "otu213322"
        }
      }, 
      {
        "data": [
          "ot:ottolid"
        ], 
        "refersTo": {
          "@idref": "otu213322"
        }
      }, 
      {
        "data": [
          "@label"
        ], 
        "refersTo": {
          "@idref": "otu213323"
        }
      }, 
      {
        "data": [
          "ot:ottolid"
        ], 
        "refersTo": {
          "@idref": "otu213323"
        }
      }, 
      {
        "data": [
          "@label"
        ], 
        "refersTo": {
          "@idref": "otu213324"
        }
      }, 
      {
        "data": [
          "ot:ottolid"
        ], 
        "refersTo": {
          "@idref": "otu213324"
        }
      }, 
      {
        "data": [
          "@label"
        ], 
        "refersTo": {
          "@idref": "otu213325"
        }
      }, 
      {
        "data": [
          "ot:ottolid"
        ], 
        "refersTo": {
          "@idref": "otu213325"
        }
      }, 
      {
        "data": [
          "@label"
        ], 
        "refersTo": {
          "@idref": "otu213326"
        }
      }, 
      {
        "data": [
          "ot:ottolid"
        ], 
        "refersTo": {
          "@idref": "otu213326"
        }
      }, 
      {
        "data": [
          "@label"
        ], 
        "refersTo": {
          "@idref": "otu213327"
        }
      }, 
      {
        "data": [
          "ot:ottolid"
        ], 
        "refersTo": {
          "@idref": "otu213327"
        }
      }, 
      {
        "data": [
          "@label"
        ], 
        "refersTo": {
          "@idref": "otu213328"
        }
      }, 
      {
        "data": [
          "ot:ottolid"
        ], 
        "refersTo": {
          "@idref": "otu213328"
        }
      }, 
      {
        "data": [
          "@label"
        ], 
        "refersTo": {
          "@idref": "otu213329"
        }
      }, 
      {
        "data": [
          "ot:ottolid"
        ], 
        "refersTo": {
          "@idref": "otu213329"
        }
      }, 
      {
        "data": [
          "@label"
        ], 
        "refersTo": {
          "@idref": "otu213330"
        }
      }, 
      {
        "data": [
          "ot:ottolid"
        ], 
        "refersTo": {
          "@idref": "otu213330"
        }
      }, 
      {
        "data": [
          "@label"
        ], 
        "refersTo": {
          "@idref": "otu213331"
        }
      }, 
      {
        "data": [
          "ot:ottolid"
        ], 
        "refersTo": {
          "@idref": "otu213331"
        }
      }, 
      {
        "data": [
          "@label"
        ], 
        "refersTo": {
          "@idref": "otu213332"
        }
      }, 
      {
        "data": [
          "ot:ottolid"
        ], 
        "refersTo": {
          "@idref": "otu213332"
        }
      }, 
      {
        "data": [
          "@label"
        ], 
        "refersTo": {
          "@idref": "otu213333"
        }
      }, 
      {
        "data": [
          "ot:ottolid"
        ], 
        "refersTo": {
          "@idref": "otu213333"
        }
      }, 
      {
        "data": [
          "@label"
        ], 
        "refersTo": {
          "@idref": "otu213334"
        }
      }, 
      {
        "data": [
          "ot:ottolid"
        ], 
        "refersTo": {
          "@idref": "otu213334"
        }
      }, 
      {
        "data": [
          "@label"
        ], 
        "refersTo": {
          "@idref": "otu213335"
        }
      }, 
      {
        "data": [
          "ot:ottolid"
        ], 
        "refersTo": {
          "@idref": "otu213335"
        }
      }, 
      {
        "data": [
          "@label"
        ], 
        "refersTo": {
          "@idref": "otu213336"
        }
      }, 
      {
        "data": [
          "ot:ottolid"
        ], 
        "refersTo": {
          "@idref": "otu213336"
        }
      }, 
      {
        "data": [
          "@label"
        ], 
        "refersTo": {
          "@idref": "otu213337"
        }
      }, 
      {
        "data": [
          "ot:ottolid"
        ], 
        "refersTo": {
          "@idref": "otu213337"
        }
      }, 
      {
        "data": [
          "@label"
        ], 
        "refersTo": {
          "@idref": "otu213338"
        }
      }, 
      {
        "data": [
          "ot:ottolid"
        ], 
        "refersTo": {
          "@idref": "otu213338"
        }
      }, 
      {
        "data": [
          "@label"
        ], 
        "refersTo": {
          "@idref": "otu213339"
        }
      }, 
      {
        "data": [
          "ot:ottolid"
        ], 
        "refersTo": {
          "@idref": "otu213339"
        }
      }, 
      {
        "data": [
          "@label"
        ], 
        "refersTo": {
          "@idref": "otu213340"
        }
      }, 
      {
        "data": [
          "ot:ottolid"
        ], 
        "refersTo": {
          "@idref": "otu213340"
        }
      }, 
      {
        "data": [
          "@label"
        ], 
        "refersTo": {
          "@idref": "otu213341"
        }
      }, 
      {
        "data": [
          "ot:ottolid"
        ], 
        "refersTo": {
          "@idref": "otu213341"
        }
      }, 
      {
        "data": [
          "@label"
        ], 
        "refersTo": {
          "@idref": "otu213342"
        }
      }, 
      {
        "data": [
          "ot:ottolid"
        ], 
        "refersTo": {
          "@idref": "otu213342"
        }
      }, 
      {
        "data": [
          "@label"
        ], 
        "refersTo": {
          "@idref": "otu213343"
        }
      }, 
      {
        "data": [
          "ot:ottolid"
        ], 
        "refersTo": {
          "@idref": "otu213343"
        }
      }, 
      {
        "data": [
          "@label"
        ], 
        "refersTo": {
          "@idref": "otu213344"
        }
      }, 
      {
        "data": [
          "ot:ottolid"
        ], 
        "refersTo": {
          "@idref": "otu213344"
        }
      }, 
      {
        "data": [
          "@label"
        ], 
        "refersTo": {
          "@idref": "otu213345"
        }
      }, 
      {
        "data": [
          "ot:ottolid"
        ], 
        "refersTo": {
          "@idref": "otu213345"
        }
      }, 
      {
        "data": [
          "@label"
        ], 
        "refersTo": {
          "@idref": "otu213346"
        }
      }, 
      {
        "data": [
          "ot:ottolid"
        ], 
        "refersTo": {
          "@idref": "otu213346"
        }
      }, 
      {
        "data": [
          "@label"
        ], 
        "refersTo": {
          "@idref": "otu213347"
        }
      }, 
      {
        "data": [
          "ot:ottolid"
        ], 
        "refersTo": {
          "@idref": "otu213347"
        }
      }, 
      {
        "data": [
          "@label"
        ], 
        "refersTo": {
          "@idref": "otu213348"
        }
      }, 
      {
        "data": [
          "ot:ottolid"
        ], 
        "refersTo": {
          "@idref": "otu213348"
        }
      }, 
      {
        "data": [
          "@label"
        ], 
        "refersTo": {
          "@idref": "otu213349"
        }
      }, 
      {
        "data": [
          "ot:ottolid"
        ], 
        "refersTo": {
          "@idref": "otu213349"
        }
      }, 
      {
        "data": [
          "@label"
        ], 
        "refersTo": {
          "@idref": "otu213350"
        }
      }, 
      {
        "data": [
          "ot:ottolid"
        ], 
        "refersTo": {
          "@idref": "otu213350"
        }
      }, 
      {
        "data": [
          "@label"
        ], 
        "refersTo": {
          "@idref": "otu213351"
        }
      }, 
      {
        "data": [
          "ot:ottolid"
        ], 
        "refersTo": {
          "@idref": "otu213351"
        }
      }, 
      {
        "data": [
          "@label"
        ], 
        "refersTo": {
          "@idref": "otu213352"
        }
      }, 
      {
        "data": [
          "ot:ottolid"
        ], 
        "refersTo": {
          "@idref": "otu213352"
        }
      }, 
      {
        "data": [
          "@label"
        ], 
        "refersTo": {
          "@idref": "otu213353"
        }
      }, 
      {
        "data": [
          "ot:ottolid"
        ], 
        "refersTo": {
          "@idref": "otu213353"
        }
      }, 
      {
        "data": [
          "@label"
        ], 
        "refersTo": {
          "@idref": "otu213354"
        }
      }, 
      {
        "data": [
          "ot:ottolid"
        ], 
        "refersTo": {
          "@idref": "otu213354"
        }
      }, 
      {
        "data": [
          "@label"
        ], 
        "refersTo": {
          "@idref": "otu213355"
        }
      }, 
      {
        "data": [
          "ot:ottolid"
        ], 
        "refersTo": {
          "@idref": "otu213355"
        }
      }, 
      {
        "data": [
          "@label"
        ], 
        "refersTo": {
          "@idref": "otu213356"
        }
      }, 
      {
        "data": [
          "ot:ottolid"
        ], 
        "refersTo": {
          "@idref": "otu213356"
        }
      }
    ]
  }
}
