{
  "errors": {
    "MISSING_MANDATORY_KEY": {
      "data": [
        "ot:isLeaf"
      ], 
      "refersTo": {
        "@idref": [
          "node503666", 
          "node503667", 
          "node503669", 
          "node503670", 
          "node503675", 
          "node503676", 
          "node503678", 
          "node503679", 
          "node503682", 
          "node503683", 
          "node503684", 
          "node503688", 
          "node503689", 
          "node503690", 
          "node503691", 
          "node503696", 
          "node503698", 
          "node503699", 
          "node503701", 
          "node503702", 
          "node503703", 
          "node503705", 
          "node503707", 
          "node503712", 
          "node503713", 
          "node503714", 
          "node503715", 
          "node503716", 
          "node503718", 
          "node503719", 
          "node503722", 
          "node503723", 
          "node503726", 
          "node503727", 
          "node503730", 
          "node503731", 
          "node503737", 
          "node503738", 
          "node503739", 
          "node503740", 
          "node503742", 
          "node503743", 
          "node503747", 
          "node503748", 
          "node503749", 
          "node503750", 
          "node503753", 
          "node503754", 
          "node503761", 
          "node503762", 
          "node503763", 
          "node503764", 
          "node503765", 
          "node503770", 
          "node503771", 
          "node503773", 
          "node503775", 
          "node503776", 
          "node503778", 
          "node503779", 
          "node503781", 
          "node503782", 
          "node503787", 
          "node503788", 
          "node503789", 
          "node503790", 
          "node503793", 
          "node503795", 
          "node503796", 
          "node503798", 
          "node503799", 
          "node503801", 
          "node503802", 
          "node503812", 
          "node503813", 
          "node503816", 
          "node503818", 
          "node503819", 
          "node503821", 
          "node503822", 
          "node503823", 
          "node503824", 
          "node503826", 
          "node503827", 
          "node503828", 
          "node503829", 
          "node503831", 
          "node503832", 
          "node503834", 
          "node503836", 
          "node503839", 
          "node503841", 
          "node503842", 
          "node503844", 
          "node503845", 
          "node503847", 
          "node503848"
        ], 
        "@nodeID": [
          "node503666", 
          "node503667", 
          "node503669", 
          "node503670", 
          "node503675", 
          "node503676", 
          "node503678", 
          "node503679", 
          "node503682", 
          "node503683", 
          "node503684", 
          "node503688", 
          "node503689", 
          "node503690", 
          "node503691", 
          "node503696", 
          "node503698", 
          "node503699", 
          "node503701", 
          "node503702", 
          "node503703", 
          "node503705", 
          "node503707", 
          "node503712", 
          "node503713", 
          "node503714", 
          "node503715", 
          "node503716", 
          "node503718", 
          "node503719", 
          "node503722", 
          "node503723", 
          "node503726", 
          "node503727", 
          "node503730", 
          "node503731", 
          "node503737", 
          "node503738", 
          "node503739", 
          "node503740", 
          "node503742", 
          "node503743", 
          "node503747", 
          "node503748", 
          "node503749", 
          "node503750", 
          "node503753", 
          "node503754", 
          "node503761", 
          "node503762", 
          "node503763", 
          "node503764", 
          "node503765", 
          "node503770", 
          "node503771", 
          "node503773", 
          "node503775", 
          "node503776", 
          "node503778", 
          "node503779", 
          "node503781", 
          "node503782", 
          "node503787", 
          "node503788", 
          "node503789", 
          "node503790", 
          "node503793", 
          "node503795", 
          "node503796", 
          "node503798", 
          "node503799", 
          "node503801", 
          "node503802", 
          "node503812", 
          "node503813", 
          "node503816", 
          "node503818", 
          "node503819", 
          "node503821", 
          "node503822", 
          "node503823", 
          "node503824", 
          "node503826", 
          "node503827", 
          "node503828", 
          "node503829", 
          "node503831", 
          "node503832", 
          "node503834", 
          "node503836", 
          "node503839", 
          "node503841", 
          "node503842", 
          "node503844", 
          "node503845", 
          "node503847", 
          "node503848"
        ], 
        "@top": "trees", 
        "@treeID": "tree1945", 
        "@treesID": "trees1003"
      }
    }
  }, 
  "warnings": {
    "MISSING_OPTIONAL_KEY": [
      {
        "data": [
          "ot:dataDeposit"
        ], 
        "refersTo": {
          "@idref": "study", 
          "@top": "nexml"
        }
      }, 
      {
        "data": [
          "@xsi:type"
        ], 
        "refersTo": {
          "@idref": "tree1945", 
          "@top": "trees", 
          "@treeID": "tree1945", 
          "@treesID": "trees1003"
        }
      }, 
      {
        "data": [
          "ot:branchLengthDescription", 
          "ot:branchLengthMode", 
          "ot:branchLengthTimeUnit", 
          "ot:curatedType", 
          "ot:outGroupEdge"
        ], 
        "refersTo": {
          "@idref": "tree1945", 
          "@top": "trees", 
          "@treeID": "tree1945", 
          "@treesID": "trees1003"
        }
      }
    ], 
    "MULTIPLE_TIPS_MAPPED_TO_OTT_ID": [
      {
        "data": [
          "otu213260", 
          "otu213261"
        ], 
        "refersTo": {
          "@idref": "otus1003", 
          "@otusID": "otus1003", 
          "@top": "otus"
        }
      }, 
      {
        "data": [
          "otu213262", 
          "otu213263"
        ], 
        "refersTo": {
          "@idref": "otus1003", 
          "@otusID": "otus1003", 
          "@top": "otus"
        }
      }, 
      {
        "data": [
          "otu213264", 
          "otu213265"
        ], 
        "refersTo": {
          "@idref": "otus1003", 
          "@otusID": "otus1003", 
          "@top": "otus"
        }
      }, 
      {
        "data": [
          "otu213266", 
          "otu213267"
        ], 
        "refersTo": {
          "@idref": "otus1003", 
          "@otusID": "otus1003", 
          "@top": "otus"
        }
      }, 
      {
        "data": [
          "otu213268", 
          "otu213269", 
          "otu213270"
        ], 
        "refersTo": {
          "@idref": "otus1003", 
          "@otusID": "otus1003", 
          "@top": "otus"
        }
      }, 
      {
        "data": [
          "otu213271", 
          "otu213272"
        ], 
        "refersTo": {
          "@idref": "otus1003", 
          "@otusID": "otus1003", 
          "@top": "otus"
        }
      }, 
      {
        "data": [
          "otu213276", 
          "otu213278", 
          "otu213281", 
          "otu213282"
        ], 
        "refersTo": {
          "@idref": "otus1003", 
          "@otusID": "otus1003", 
          "@top": "otus"
        }
      }, 
      {
        "data": [
          "otu213285", 
          "otu213286", 
          "otu213287"
        ], 
        "refersTo": {
          "@idref": "otus1003", 
          "@otusID": "otus1003", 
          "@top": "otus"
        }
      }, 
      {
        "data": [
          "otu213290", 
          "otu213291"
        ], 
        "refersTo": {
          "@idref": "otus1003", 
          "@otusID": "otus1003", 
          "@top": "otus"
        }
      }, 
      {
        "data": [
          "otu213292", 
          "otu213293"
        ], 
        "refersTo": {
          "@idref": "otus1003", 
          "@otusID": "otus1003", 
          "@top": "otus"
        }
      }, 
      {
        "data": [
          "otu213294", 
          "otu213295"
        ], 
        "refersTo": {
          "@idref": "otus1003", 
          "@otusID": "otus1003", 
          "@top": "otus"
        }
      }, 
      {
        "data": [
          "otu213296", 
          "otu213297"
        ], 
        "refersTo": {
          "@idref": "otus1003", 
          "@otusID": "otus1003", 
          "@top": "otus"
        }
      }, 
      {
        "data": [
          "otu213302", 
          "otu213303", 
          "otu213304"
        ], 
        "refersTo": {
          "@idref": "otus1003", 
          "@otusID": "otus1003", 
          "@top": "otus"
        }
      }, 
      {
        "data": [
          "otu213309", 
          "otu213310", 
          "otu213311", 
          "otu213324"
        ], 
        "refersTo": {
          "@idref": "otus1003", 
          "@otusID": "otus1003", 
          "@top": "otus"
        }
      }, 
      {
        "data": [
          "otu213316", 
          "otu213317"
        ], 
        "refersTo": {
          "@idref": "otus1003", 
          "@otusID": "otus1003", 
          "@top": "otus"
        }
      }, 
      {
        "data": [
          "otu213318", 
          "otu213319"
        ], 
        "refersTo": {
          "@idref": "otus1003", 
          "@otusID": "otus1003", 
          "@top": "otus"
        }
      }, 
      {
        "data": [
          "otu213320", 
          "otu213321"
        ], 
        "refersTo": {
          "@idref": "otus1003", 
          "@otusID": "otus1003", 
          "@top": "otus"
        }
      }, 
      {
        "data": [
          "otu213331", 
          "otu213332"
        ], 
        "refersTo": {
          "@idref": "otus1003", 
          "@otusID": "otus1003", 
          "@top": "otus"
        }
      }, 
      {
        "data": [
          "otu213339", 
          "otu213341", 
          "otu213343", 
          "otu213347"
        ], 
        "refersTo": {
          "@idref": "otus1003", 
          "@otusID": "otus1003", 
          "@top": "otus"
        }
      }, 
      {
        "data": [
          "otu213344", 
          "otu213345"
        ], 
        "refersTo": {
          "@idref": "otus1003", 
          "@otusID": "otus1003", 
          "@top": "otus"
        }
      }, 
      {
        "data": [
          "otu213350", 
          "otu213351", 
          "otu213352"
        ], 
        "refersTo": {
          "@idref": "otus1003", 
          "@otusID": "otus1003", 
          "@top": "otus"
        }
      }, 
      {
        "data": [
          "otu213353", 
          "otu213354"
        ], 
        "refersTo": {
          "@idref": "otus1003", 
          "@otusID": "otus1003", 
          "@top": "otus"
        }
      }, 
      {
        "data": [
          "otu213355", 
          "otu213356"
        ], 
        "refersTo": {
          "@idref": "otus1003", 
          "@otusID": "otus1003", 
          "@top": "otus"
        }
      }
    ]
  }
}
