{
  "errors": {
    "MISSING_MANDATORY_KEY": {
      "data": [
        "@xsi:type"
      ], 
      "refersTo": {
        "@idref": "tree5781"
      }
    }
  }, 
  "warnings": {
    "MISSING_OPTIONAL_KEY": [
      {
        "data": [
          "ot:ottId"
        ], 
        "refersTo": {
          "@idref": "otu374431"
        }
      }, 
      {
        "data": [
          "ot:ottId"
        ], 
        "refersTo": {
          "@idref": "otu374432"
        }
      }, 
      {
        "data": [
          "ot:ottId"
        ], 
        "refersTo": {
          "@idref": "otu374433"
        }
      }, 
      {
        "data": [
          "ot:ottId"
        ], 
        "refersTo": {
          "@idref": "otu374434"
        }
      }, 
      {
        "data": [
          "ot:ottId"
        ], 
        "refersTo": {
          "@idref": "otu374435"
        }
      }, 
      {
        "data": [
          "ot:ottId"
        ], 
        "refersTo": {
          "@idref": "otu374436"
        }
      }, 
      {
        "data": [
          "ot:ottId"
        ], 
        "refersTo": {
          "@idref": "otu374437"
        }
      }, 
      {
        "data": [
          "ot:ottId"
        ], 
        "refersTo": {
          "@idref": "otu374438"
        }
      }, 
      {
        "data": [
          "ot:ottId"
        ], 
        "refersTo": {
          "@idref": "otu374439"
        }
      }, 
      {
        "data": [
          "ot:ottId"
        ], 
        "refersTo": {
          "@idref": "otu374440"
        }
      }, 
      {
        "data": [
          "ot:ottId"
        ], 
        "refersTo": {
          "@idref": "otu374441"
        }
      }, 
      {
        "data": [
          "ot:ottId"
        ], 
        "refersTo": {
          "@idref": "otu374442"
        }
      }, 
      {
        "data": [
          "ot:ottId"
        ], 
        "refersTo": {
          "@idref": "otu374443"
        }
      }, 
      {
        "data": [
          "ot:ottId"
        ], 
        "refersTo": {
          "@idref": "otu374444"
        }
      }, 
      {
        "data": [
          "ot:ottId"
        ], 
        "refersTo": {
          "@idref": "otu374445"
        }
      }, 
      {
        "data": [
          "ot:ottId"
        ], 
        "refersTo": {
          "@idref": "otu374446"
        }
      }, 
      {
        "data": [
          "ot:ottId"
        ], 
        "refersTo": {
          "@idref": "otu374447"
        }
      }, 
      {
        "data": [
          "ot:ottId"
        ], 
        "refersTo": {
          "@idref": "otu374448"
        }
      }, 
      {
        "data": [
          "ot:ottId"
        ], 
        "refersTo": {
          "@idref": "otu374449"
        }
      }, 
      {
        "data": [
          "ot:ottId"
        ], 
        "refersTo": {
          "@idref": "otu374450"
        }
      }, 
      {
        "data": [
          "ot:ottId"
        ], 
        "refersTo": {
          "@idref": "otu374451"
        }
      }, 
      {
        "data": [
          "ot:ottId"
        ], 
        "refersTo": {
          "@idref": "otu374452"
        }
      }, 
      {
        "data": [
          "ot:ottId"
        ], 
        "refersTo": {
          "@idref": "otu374453"
        }
      }, 
      {
        "data": [
          "ot:ottId"
        ], 
        "refersTo": {
          "@idref": "otu374454"
        }
      }, 
      {
        "data": [
          "ot:ottId"
        ], 
        "refersTo": {
          "@idref": "otu374455"
        }
      }, 
      {
        "data": [
          "ot:ottId"
        ], 
        "refersTo": {
          "@idref": "otu374456"
        }
      }, 
      {
        "data": [
          "ot:ottId"
        ], 
        "refersTo": {
          "@idref": "otu374457"
        }
      }, 
      {
        "data": [
          "ot:ottId"
        ], 
        "refersTo": {
          "@idref": "otu374458"
        }
      }, 
      {
        "data": [
          "ot:ottId"
        ], 
        "refersTo": {
          "@idref": "otu374459"
        }
      }, 
      {
        "data": [
          "ot:ottId"
        ], 
        "refersTo": {
          "@idref": "otu374460"
        }
      }, 
      {
        "data": [
          "ot:ottId"
        ], 
        "refersTo": {
          "@idref": "otu374461"
        }
      }, 
      {
        "data": [
          "ot:ottId"
        ], 
        "refersTo": {
          "@idref": "otu374462"
        }
      }, 
      {
        "data": [
          "ot:ottId"
        ], 
        "refersTo": {
          "@idref": "otu374463"
        }
      }, 
      {
        "data": [
          "ot:ottId"
        ], 
        "refersTo": {
          "@idref": "otu374464"
        }
      }, 
      {
        "data": [
          "ot:ottId"
        ], 
        "refersTo": {
          "@idref": "otu374465"
        }
      }, 
      {
        "data": [
          "ot:ottId"
        ], 
        "refersTo": {
          "@idref": "otu374466"
        }
      }, 
      {
        "data": [
          "ot:ottId"
        ], 
        "refersTo": {
          "@idref": "otu374467"
        }
      }, 
      {
        "data": [
          "ot:ottId"
        ], 
        "refersTo": {
          "@idref": "otu374468"
        }
      }, 
      {
        "data": [
          "ot:ottId"
        ], 
        "refersTo": {
          "@idref": "otu374469"
        }
      }, 
      {
        "data": [
          "ot:ottId"
        ], 
        "refersTo": {
          "@idref": "otu374470"
        }
      }, 
      {
        "data": [
          "ot:ottId"
        ], 
        "refersTo": {
          "@idref": "otu374471"
        }
      }, 
      {
        "data": [
          "ot:ottId"
        ], 
        "refersTo": {
          "@idref": "otu374472"
        }
      }, 
      {
        "data": [
          "ot:ottId"
        ], 
        "refersTo": {
          "@idref": "otu374473"
        }
      }, 
      {
        "data": [
          "ot:ottId"
        ], 
        "refersTo": {
          "@idref": "otu374474"
        }
      }, 
      {
        "data": [
          "ot:ottId"
        ], 
        "refersTo": {
          "@idref": "otu374475"
        }
      }, 
      {
        "data": [
          "ot:ottId"
        ], 
        "refersTo": {
          "@idref": "otu374476"
        }
      }, 
      {
        "data": [
          "ot:ottId"
        ], 
        "refersTo": {
          "@idref": "otu374477"
        }
      }, 
      {
        "data": [
          "ot:ottId"
        ], 
        "refersTo": {
          "@idref": "otu374478"
        }
      }, 
      {
        "data": [
          "ot:ottId"
        ], 
        "refersTo": {
          "@idref": "otu374479"
        }
      }, 
      {
        "data": [
          "ot:ottId"
        ], 
        "refersTo": {
          "@idref": "otu374480"
        }
      }, 
      {
        "data": [
          "ot:ottId"
        ], 
        "refersTo": {
          "@idref": "otu374481"
        }
      }, 
      {
        "data": [
          "ot:ottId"
        ], 
        "refersTo": {
          "@idref": "otu374482"
        }
      }, 
      {
        "data": [
          "ot:ottId"
        ], 
        "refersTo": {
          "@idref": "otu374483"
        }
      }, 
      {
        "data": [
          "ot:ottId"
        ], 
        "refersTo": {
          "@idref": "otu374484"
        }
      }, 
      {
        "data": [
          "ot:ottId"
        ], 
        "refersTo": {
          "@idref": "otu374485"
        }
      }, 
      {
        "data": [
          "ot:ottId"
        ], 
        "refersTo": {
          "@idref": "otu374486"
        }
      }, 
      {
        "data": [
          "ot:ottId"
        ], 
        "refersTo": {
          "@idref": "otu374487"
        }
      }, 
      {
        "data": [
          "ot:ottId"
        ], 
        "refersTo": {
          "@idref": "otu374488"
        }
      }, 
      {
        "data": [
          "ot:ottId"
        ], 
        "refersTo": {
          "@idref": "otu374489"
        }
      }, 
      {
        "data": [
          "ot:ottId"
        ], 
        "refersTo": {
          "@idref": "otu374490"
        }
      }, 
      {
        "data": [
          "ot:ottId"
        ], 
        "refersTo": {
          "@idref": "otu374491"
        }
      }, 
      {
        "data": [
          "ot:ottId"
        ], 
        "refersTo": {
          "@idref": "otu374492"
        }
      }, 
      {
        "data": [
          "ot:ottId"
        ], 
        "refersTo": {
          "@idref": "otu374493"
        }
      }, 
      {
        "data": [
          "ot:ottId"
        ], 
        "refersTo": {
          "@idref": "otu374494"
        }
      }, 
      {
        "data": [
          "ot:ottId"
        ], 
        "refersTo": {
          "@idref": "otu374495"
        }
      }, 
      {
        "data": [
          "ot:ottId"
        ], 
        "refersTo": {
          "@idref": "otu374496"
        }
      }, 
      {
        "data": [
          "ot:ottId"
        ], 
        "refersTo": {
          "@idref": "otu374497"
        }
      }, 
      {
        "data": [
          "ot:ottId"
        ], 
        "refersTo": {
          "@idref": "otu374498"
        }
      }, 
      {
        "data": [
          "ot:ottId"
        ], 
        "refersTo": {
          "@idref": "otu374499"
        }
      }, 
      {
        "data": [
          "ot:ottId"
        ], 
        "refersTo": {
          "@idref": "otu374500"
        }
      }, 
      {
        "data": [
          "ot:ottId"
        ], 
        "refersTo": {
          "@idref": "otu374501"
        }
      }, 
      {
        "data": [
          "ot:branchLengthMode", 
          "ot:branchLengthTimeUnit", 
          "ot:curatedType", 
          "ot:tag"
        ], 
        "refersTo": {
          "@idref": "tree5781"
        }
      }
    ], 
    "UNRECOGNIZED_KEY": [
      {
        "data": [
          "@label"
        ], 
        "refersTo": {
          "@idref": "otu374431"
        }
      }, 
      {
        "data": [
          "ot:ottolid"
        ], 
        "refersTo": {
          "@idref": "otu374431"
        }
      }, 
      {
        "data": [
          "@label"
        ], 
        "refersTo": {
          "@idref": "otu374432"
        }
      }, 
      {
        "data": [
          "ot:ottolid"
        ], 
        "refersTo": {
          "@idref": "otu374432"
        }
      }, 
      {
        "data": [
          "@label"
        ], 
        "refersTo": {
          "@idref": "otu374433"
        }
      }, 
      {
        "data": [
          "ot:ottolid"
        ], 
        "refersTo": {
          "@idref": "otu374433"
        }
      }, 
      {
        "data": [
          "@label"
        ], 
        "refersTo": {
          "@idref": "otu374434"
        }
      }, 
      {
        "data": [
          "ot:ottolid"
        ], 
        "refersTo": {
          "@idref": "otu374434"
        }
      }, 
      {
        "data": [
          "@label"
        ], 
        "refersTo": {
          "@idref": "otu374435"
        }
      }, 
      {
        "data": [
          "ot:ottolid"
        ], 
        "refersTo": {
          "@idref": "otu374435"
        }
      }, 
      {
        "data": [
          "@label"
        ], 
        "refersTo": {
          "@idref": "otu374436"
        }
      }, 
      {
        "data": [
          "ot:ottolid"
        ], 
        "refersTo": {
          "@idref": "otu374436"
        }
      }, 
      {
        "data": [
          "@label"
        ], 
        "refersTo": {
          "@idref": "otu374437"
        }
      }, 
      {
        "data": [
          "ot:ottolid"
        ], 
        "refersTo": {
          "@idref": "otu374437"
        }
      }, 
      {
        "data": [
          "@label"
        ], 
        "refersTo": {
          "@idref": "otu374438"
        }
      }, 
      {
        "data": [
          "ot:ottolid"
        ], 
        "refersTo": {
          "@idref": "otu374438"
        }
      }, 
      {
        "data": [
          "@label"
        ], 
        "refersTo": {
          "@idref": "otu374439"
        }
      }, 
      {
        "data": [
          "ot:ottolid"
        ], 
        "refersTo": {
          "@idref": "otu374439"
        }
      }, 
      {
        "data": [
          "@label"
        ], 
        "refersTo": {
          "@idref": "otu374440"
        }
      }, 
      {
        "data": [
          "ot:ottolid"
        ], 
        "refersTo": {
          "@idref": "otu374440"
        }
      }, 
      {
        "data": [
          "@label"
        ], 
        "refersTo": {
          "@idref": "otu374441"
        }
      }, 
      {
        "data": [
          "ot:ottolid"
        ], 
        "refersTo": {
          "@idref": "otu374441"
        }
      }, 
      {
        "data": [
          "@label"
        ], 
        "refersTo": {
          "@idref": "otu374442"
        }
      }, 
      {
        "data": [
          "ot:ottolid"
        ], 
        "refersTo": {
          "@idref": "otu374442"
        }
      }, 
      {
        "data": [
          "@label"
        ], 
        "refersTo": {
          "@idref": "otu374443"
        }
      }, 
      {
        "data": [
          "ot:ottolid"
        ], 
        "refersTo": {
          "@idref": "otu374443"
        }
      }, 
      {
        "data": [
          "@label"
        ], 
        "refersTo": {
          "@idref": "otu374444"
        }
      }, 
      {
        "data": [
          "ot:ottolid"
        ], 
        "refersTo": {
          "@idref": "otu374444"
        }
      }, 
      {
        "data": [
          "@label"
        ], 
        "refersTo": {
          "@idref": "otu374445"
        }
      }, 
      {
        "data": [
          "ot:ottolid"
        ], 
        "refersTo": {
          "@idref": "otu374445"
        }
      }, 
      {
        "data": [
          "@label"
        ], 
        "refersTo": {
          "@idref": "otu374446"
        }
      }, 
      {
        "data": [
          "ot:ottolid"
        ], 
        "refersTo": {
          "@idref": "otu374446"
        }
      }, 
      {
        "data": [
          "@label"
        ], 
        "refersTo": {
          "@idref": "otu374447"
        }
      }, 
      {
        "data": [
          "ot:ottolid"
        ], 
        "refersTo": {
          "@idref": "otu374447"
        }
      }, 
      {
        "data": [
          "@label"
        ], 
        "refersTo": {
          "@idref": "otu374448"
        }
      }, 
      {
        "data": [
          "ot:ottolid"
        ], 
        "refersTo": {
          "@idref": "otu374448"
        }
      }, 
      {
        "data": [
          "@label"
        ], 
        "refersTo": {
          "@idref": "otu374449"
        }
      }, 
      {
        "data": [
          "ot:ottolid"
        ], 
        "refersTo": {
          "@idref": "otu374449"
        }
      }, 
      {
        "data": [
          "@label"
        ], 
        "refersTo": {
          "@idref": "otu374450"
        }
      }, 
      {
        "data": [
          "ot:ottolid"
        ], 
        "refersTo": {
          "@idref": "otu374450"
        }
      }, 
      {
        "data": [
          "@label"
        ], 
        "refersTo": {
          "@idref": "otu374451"
        }
      }, 
      {
        "data": [
          "ot:ottolid"
        ], 
        "refersTo": {
          "@idref": "otu374451"
        }
      }, 
      {
        "data": [
          "@label"
        ], 
        "refersTo": {
          "@idref": "otu374452"
        }
      }, 
      {
        "data": [
          "ot:ottolid"
        ], 
        "refersTo": {
          "@idref": "otu374452"
        }
      }, 
      {
        "data": [
          "@label"
        ], 
        "refersTo": {
          "@idref": "otu374453"
        }
      }, 
      {
        "data": [
          "ot:ottolid"
        ], 
        "refersTo": {
          "@idref": "otu374453"
        }
      }, 
      {
        "data": [
          "@label"
        ], 
        "refersTo": {
          "@idref": "otu374454"
        }
      }, 
      {
        "data": [
          "ot:ottolid"
        ], 
        "refersTo": {
          "@idref": "otu374454"
        }
      }, 
      {
        "data": [
          "@label"
        ], 
        "refersTo": {
          "@idref": "otu374455"
        }
      }, 
      {
        "data": [
          "ot:ottolid"
        ], 
        "refersTo": {
          "@idref": "otu374455"
        }
      }, 
      {
        "data": [
          "@label"
        ], 
        "refersTo": {
          "@idref": "otu374456"
        }
      }, 
      {
        "data": [
          "ot:ottolid"
        ], 
        "refersTo": {
          "@idref": "otu374456"
        }
      }, 
      {
        "data": [
          "@label"
        ], 
        "refersTo": {
          "@idref": "otu374457"
        }
      }, 
      {
        "data": [
          "ot:ottolid"
        ], 
        "refersTo": {
          "@idref": "otu374457"
        }
      }, 
      {
        "data": [
          "@label"
        ], 
        "refersTo": {
          "@idref": "otu374458"
        }
      }, 
      {
        "data": [
          "ot:ottolid"
        ], 
        "refersTo": {
          "@idref": "otu374458"
        }
      }, 
      {
        "data": [
          "@label"
        ], 
        "refersTo": {
          "@idref": "otu374459"
        }
      }, 
      {
        "data": [
          "ot:ottolid"
        ], 
        "refersTo": {
          "@idref": "otu374459"
        }
      }, 
      {
        "data": [
          "@label"
        ], 
        "refersTo": {
          "@idref": "otu374460"
        }
      }, 
      {
        "data": [
          "ot:ottolid"
        ], 
        "refersTo": {
          "@idref": "otu374460"
        }
      }, 
      {
        "data": [
          "@label"
        ], 
        "refersTo": {
          "@idref": "otu374461"
        }
      }, 
      {
        "data": [
          "ot:ottolid"
        ], 
        "refersTo": {
          "@idref": "otu374461"
        }
      }, 
      {
        "data": [
          "@label"
        ], 
        "refersTo": {
          "@idref": "otu374462"
        }
      }, 
      {
        "data": [
          "ot:ottolid"
        ], 
        "refersTo": {
          "@idref": "otu374462"
        }
      }, 
      {
        "data": [
          "@label"
        ], 
        "refersTo": {
          "@idref": "otu374463"
        }
      }, 
      {
        "data": [
          "ot:ottolid"
        ], 
        "refersTo": {
          "@idref": "otu374463"
        }
      }, 
      {
        "data": [
          "@label"
        ], 
        "refersTo": {
          "@idref": "otu374464"
        }
      }, 
      {
        "data": [
          "ot:ottolid"
        ], 
        "refersTo": {
          "@idref": "otu374464"
        }
      }, 
      {
        "data": [
          "@label"
        ], 
        "refersTo": {
          "@idref": "otu374465"
        }
      }, 
      {
        "data": [
          "ot:ottolid"
        ], 
        "refersTo": {
          "@idref": "otu374465"
        }
      }, 
      {
        "data": [
          "@label"
        ], 
        "refersTo": {
          "@idref": "otu374466"
        }
      }, 
      {
        "data": [
          "ot:ottolid"
        ], 
        "refersTo": {
          "@idref": "otu374466"
        }
      }, 
      {
        "data": [
          "@label"
        ], 
        "refersTo": {
          "@idref": "otu374467"
        }
      }, 
      {
        "data": [
          "ot:ottolid"
        ], 
        "refersTo": {
          "@idref": "otu374467"
        }
      }, 
      {
        "data": [
          "@label"
        ], 
        "refersTo": {
          "@idref": "otu374468"
        }
      }, 
      {
        "data": [
          "ot:ottolid"
        ], 
        "refersTo": {
          "@idref": "otu374468"
        }
      }, 
      {
        "data": [
          "@label"
        ], 
        "refersTo": {
          "@idref": "otu374469"
        }
      }, 
      {
        "data": [
          "ot:ottolid"
        ], 
        "refersTo": {
          "@idref": "otu374469"
        }
      }, 
      {
        "data": [
          "@label"
        ], 
        "refersTo": {
          "@idref": "otu374470"
        }
      }, 
      {
        "data": [
          "ot:ottolid"
        ], 
        "refersTo": {
          "@idref": "otu374470"
        }
      }, 
      {
        "data": [
          "@label"
        ], 
        "refersTo": {
          "@idref": "otu374471"
        }
      }, 
      {
        "data": [
          "ot:ottolid"
        ], 
        "refersTo": {
          "@idref": "otu374471"
        }
      }, 
      {
        "data": [
          "@label"
        ], 
        "refersTo": {
          "@idref": "otu374472"
        }
      }, 
      {
        "data": [
          "ot:ottolid"
        ], 
        "refersTo": {
          "@idref": "otu374472"
        }
      }, 
      {
        "data": [
          "@label"
        ], 
        "refersTo": {
          "@idref": "otu374473"
        }
      }, 
      {
        "data": [
          "ot:ottolid"
        ], 
        "refersTo": {
          "@idref": "otu374473"
        }
      }, 
      {
        "data": [
          "@label"
        ], 
        "refersTo": {
          "@idref": "otu374474"
        }
      }, 
      {
        "data": [
          "ot:ottolid"
        ], 
        "refersTo": {
          "@idref": "otu374474"
        }
      }, 
      {
        "data": [
          "@label"
        ], 
        "refersTo": {
          "@idref": "otu374475"
        }
      }, 
      {
        "data": [
          "ot:ottolid"
        ], 
        "refersTo": {
          "@idref": "otu374475"
        }
      }, 
      {
        "data": [
          "@label"
        ], 
        "refersTo": {
          "@idref": "otu374476"
        }
      }, 
      {
        "data": [
          "ot:ottolid"
        ], 
        "refersTo": {
          "@idref": "otu374476"
        }
      }, 
      {
        "data": [
          "@label"
        ], 
        "refersTo": {
          "@idref": "otu374477"
        }
      }, 
      {
        "data": [
          "ot:ottolid"
        ], 
        "refersTo": {
          "@idref": "otu374477"
        }
      }, 
      {
        "data": [
          "@label"
        ], 
        "refersTo": {
          "@idref": "otu374478"
        }
      }, 
      {
        "data": [
          "ot:ottolid"
        ], 
        "refersTo": {
          "@idref": "otu374478"
        }
      }, 
      {
        "data": [
          "@label"
        ], 
        "refersTo": {
          "@idref": "otu374479"
        }
      }, 
      {
        "data": [
          "ot:ottolid"
        ], 
        "refersTo": {
          "@idref": "otu374479"
        }
      }, 
      {
        "data": [
          "@label"
        ], 
        "refersTo": {
          "@idref": "otu374480"
        }
      }, 
      {
        "data": [
          "ot:ottolid"
        ], 
        "refersTo": {
          "@idref": "otu374480"
        }
      }, 
      {
        "data": [
          "@label"
        ], 
        "refersTo": {
          "@idref": "otu374481"
        }
      }, 
      {
        "data": [
          "ot:ottolid"
        ], 
        "refersTo": {
          "@idref": "otu374481"
        }
      }, 
      {
        "data": [
          "@label"
        ], 
        "refersTo": {
          "@idref": "otu374482"
        }
      }, 
      {
        "data": [
          "ot:ottolid"
        ], 
        "refersTo": {
          "@idref": "otu374482"
        }
      }, 
      {
        "data": [
          "@label"
        ], 
        "refersTo": {
          "@idref": "otu374483"
        }
      }, 
      {
        "data": [
          "ot:ottolid"
        ], 
        "refersTo": {
          "@idref": "otu374483"
        }
      }, 
      {
        "data": [
          "@label"
        ], 
        "refersTo": {
          "@idref": "otu374484"
        }
      }, 
      {
        "data": [
          "ot:ottolid"
        ], 
        "refersTo": {
          "@idref": "otu374484"
        }
      }, 
      {
        "data": [
          "@label"
        ], 
        "refersTo": {
          "@idref": "otu374485"
        }
      }, 
      {
        "data": [
          "ot:ottolid"
        ], 
        "refersTo": {
          "@idref": "otu374485"
        }
      }, 
      {
        "data": [
          "@label"
        ], 
        "refersTo": {
          "@idref": "otu374486"
        }
      }, 
      {
        "data": [
          "ot:ottolid"
        ], 
        "refersTo": {
          "@idref": "otu374486"
        }
      }, 
      {
        "data": [
          "@label"
        ], 
        "refersTo": {
          "@idref": "otu374487"
        }
      }, 
      {
        "data": [
          "ot:ottolid"
        ], 
        "refersTo": {
          "@idref": "otu374487"
        }
      }, 
      {
        "data": [
          "@label"
        ], 
        "refersTo": {
          "@idref": "otu374488"
        }
      }, 
      {
        "data": [
          "ot:ottolid"
        ], 
        "refersTo": {
          "@idref": "otu374488"
        }
      }, 
      {
        "data": [
          "@label"
        ], 
        "refersTo": {
          "@idref": "otu374489"
        }
      }, 
      {
        "data": [
          "ot:ottolid"
        ], 
        "refersTo": {
          "@idref": "otu374489"
        }
      }, 
      {
        "data": [
          "@label"
        ], 
        "refersTo": {
          "@idref": "otu374490"
        }
      }, 
      {
        "data": [
          "ot:ottolid"
        ], 
        "refersTo": {
          "@idref": "otu374490"
        }
      }, 
      {
        "data": [
          "@label"
        ], 
        "refersTo": {
          "@idref": "otu374491"
        }
      }, 
      {
        "data": [
          "ot:ottolid"
        ], 
        "refersTo": {
          "@idref": "otu374491"
        }
      }, 
      {
        "data": [
          "@label"
        ], 
        "refersTo": {
          "@idref": "otu374492"
        }
      }, 
      {
        "data": [
          "ot:ottolid"
        ], 
        "refersTo": {
          "@idref": "otu374492"
        }
      }, 
      {
        "data": [
          "@label"
        ], 
        "refersTo": {
          "@idref": "otu374493"
        }
      }, 
      {
        "data": [
          "ot:ottolid"
        ], 
        "refersTo": {
          "@idref": "otu374493"
        }
      }, 
      {
        "data": [
          "@label"
        ], 
        "refersTo": {
          "@idref": "otu374494"
        }
      }, 
      {
        "data": [
          "ot:ottolid"
        ], 
        "refersTo": {
          "@idref": "otu374494"
        }
      }, 
      {
        "data": [
          "@label"
        ], 
        "refersTo": {
          "@idref": "otu374495"
        }
      }, 
      {
        "data": [
          "ot:ottolid"
        ], 
        "refersTo": {
          "@idref": "otu374495"
        }
      }, 
      {
        "data": [
          "@label"
        ], 
        "refersTo": {
          "@idref": "otu374496"
        }
      }, 
      {
        "data": [
          "ot:ottolid"
        ], 
        "refersTo": {
          "@idref": "otu374496"
        }
      }, 
      {
        "data": [
          "@label"
        ], 
        "refersTo": {
          "@idref": "otu374497"
        }
      }, 
      {
        "data": [
          "ot:ottolid"
        ], 
        "refersTo": {
          "@idref": "otu374497"
        }
      }, 
      {
        "data": [
          "@label"
        ], 
        "refersTo": {
          "@idref": "otu374498"
        }
      }, 
      {
        "data": [
          "ot:ottolid"
        ], 
        "refersTo": {
          "@idref": "otu374498"
        }
      }, 
      {
        "data": [
          "@label"
        ], 
        "refersTo": {
          "@idref": "otu374499"
        }
      }, 
      {
        "data": [
          "ot:ottolid"
        ], 
        "refersTo": {
          "@idref": "otu374499"
        }
      }, 
      {
        "data": [
          "@label"
        ], 
        "refersTo": {
          "@idref": "otu374500"
        }
      }, 
      {
        "data": [
          "ot:ottolid"
        ], 
        "refersTo": {
          "@idref": "otu374500"
        }
      }, 
      {
        "data": [
          "@label"
        ], 
        "refersTo": {
          "@idref": "otu374501"
        }
      }, 
      {
        "data": [
          "ot:ottolid"
        ], 
        "refersTo": {
          "@idref": "otu374501"
        }
      }
    ]
  }
}
