{
  "errors": {
    "MISSING_MANDATORY_KEY": {
      "data": [
        "ot:isLeaf"
      ], 
      "refersTo": {
        "@idref": [
          "node988722", 
          "node988723", 
          "node988724", 
          "node988725", 
          "node988726", 
          "node988727", 
          "node988728", 
          "node988729", 
          "node988730", 
          "node988731", 
          "node988732", 
          "node988733", 
          "node988734", 
          "node988735", 
          "node988736", 
          "node988737", 
          "node988738", 
          "node988739", 
          "node988740", 
          "node988741", 
          "node988742", 
          "node988743", 
          "node988744", 
          "node988745", 
          "node988746", 
          "node988747", 
          "node988748", 
          "node988750", 
          "node988751", 
          "node988753", 
          "node988754", 
          "node988755", 
          "node988756", 
          "node988757", 
          "node988758", 
          "node988759", 
          "node988760", 
          "node988762", 
          "node988766", 
          "node988767", 
          "node988769", 
          "node988770", 
          "node988771", 
          "node988772", 
          "node988774", 
          "node988775", 
          "node988776", 
          "node988778", 
          "node988779", 
          "node988780", 
          "node988782", 
          "node988784", 
          "node988785", 
          "node988786", 
          "node988787", 
          "node988788", 
          "node988789", 
          "node988790", 
          "node988791", 
          "node988792", 
          "node988793", 
          "node988794", 
          "node988795", 
          "node988796", 
          "node988797", 
          "node988798", 
          "node988799", 
          "node988800", 
          "node988801", 
          "node988803", 
          "node988804"
        ], 
        "@nodeID": [
          "node988722", 
          "node988723", 
          "node988724", 
          "node988725", 
          "node988726", 
          "node988727", 
          "node988728", 
          "node988729", 
          "node988730", 
          "node988731", 
          "node988732", 
          "node988733", 
          "node988734", 
          "node988735", 
          "node988736", 
          "node988737", 
          "node988738", 
          "node988739", 
          "node988740", 
          "node988741", 
          "node988742", 
          "node988743", 
          "node988744", 
          "node988745", 
          "node988746", 
          "node988747", 
          "node988748", 
          "node988750", 
          "node988751", 
          "node988753", 
          "node988754", 
          "node988755", 
          "node988756", 
          "node988757", 
          "node988758", 
          "node988759", 
          "node988760", 
          "node988762", 
          "node988766", 
          "node988767", 
          "node988769", 
          "node988770", 
          "node988771", 
          "node988772", 
          "node988774", 
          "node988775", 
          "node988776", 
          "node988778", 
          "node988779", 
          "node988780", 
          "node988782", 
          "node988784", 
          "node988785", 
          "node988786", 
          "node988787", 
          "node988788", 
          "node988789", 
          "node988790", 
          "node988791", 
          "node988792", 
          "node988793", 
          "node988794", 
          "node988795", 
          "node988796", 
          "node988797", 
          "node988798", 
          "node988799", 
          "node988800", 
          "node988801", 
          "node988803", 
          "node988804"
        ], 
        "@top": "trees", 
        "@treeID": "tree5781", 
        "@treesID": "trees124"
      }
    }
  }, 
  "warnings": {
    "MISSING_OPTIONAL_KEY": [
      {
        "data": [
          "@xsi:type"
        ], 
        "refersTo": {
          "@idref": "tree5781", 
          "@top": "trees", 
          "@treeID": "tree5781", 
          "@treesID": "trees124"
        }
      }, 
      {
        "data": [
          "ot:branchLengthDescription", 
          "ot:branchLengthMode", 
          "ot:branchLengthTimeUnit", 
          "ot:curatedType", 
          "ot:outGroupEdge"
        ], 
        "refersTo": {
          "@idref": "tree5781", 
          "@top": "trees", 
          "@treeID": "tree5781", 
          "@treesID": "trees124"
        }
      }
    ], 
    "MULTIPLE_TIPS_MAPPED_TO_OTT_ID": [
      {
        "data": [
          "otu374432", 
          "otu374434", 
          "otu374444", 
          "otu374467", 
          "otu374472", 
          "otu374484"
        ], 
        "refersTo": {
          "@idref": "otus124", 
          "@otusID": "otus124", 
          "@top": "otus"
        }
      }, 
      {
        "data": [
          "otu374433", 
          "otu374458", 
          "otu374462", 
          "otu374485", 
          "otu374488", 
          "otu374497"
        ], 
        "refersTo": {
          "@idref": "otus124", 
          "@otusID": "otus124", 
          "@top": "otus"
        }
      }, 
      {
        "data": [
          "otu374435", 
          "otu374436", 
          "otu374437", 
          "otu374438", 
          "otu374439", 
          "otu374442", 
          "otu374443", 
          "otu374445", 
          "otu374448", 
          "otu374450", 
          "otu374453", 
          "otu374454", 
          "otu374457", 
          "otu374463", 
          "otu374468", 
          "otu374470", 
          "otu374471", 
          "otu374474", 
          "otu374475", 
          "otu374477", 
          "otu374481", 
          "otu374490", 
          "otu374491", 
          "otu374494", 
          "otu374495", 
          "otu374499", 
          "otu374501"
        ], 
        "refersTo": {
          "@idref": "otus124", 
          "@otusID": "otus124", 
          "@top": "otus"
        }
      }, 
      {
        "data": [
          "otu374440", 
          "otu374441", 
          "otu374455", 
          "otu374460", 
          "otu374464", 
          "otu374469", 
          "otu374492", 
          "otu374496"
        ], 
        "refersTo": {
          "@idref": "otus124", 
          "@otusID": "otus124", 
          "@top": "otus"
        }
      }, 
      {
        "data": [
          "otu374446", 
          "otu374447", 
          "otu374449", 
          "otu374451", 
          "otu374452", 
          "otu374456", 
          "otu374461", 
          "otu374465", 
          "otu374476", 
          "otu374479", 
          "otu374480", 
          "otu374483", 
          "otu374486", 
          "otu374487", 
          "otu374489", 
          "otu374493", 
          "otu374498", 
          "otu374500"
        ], 
        "refersTo": {
          "@idref": "otus124", 
          "@otusID": "otus124", 
          "@top": "otus"
        }
      }, 
      {
        "data": [
          "otu374459", 
          "otu374466"
        ], 
        "refersTo": {
          "@idref": "otus124", 
          "@otusID": "otus124", 
          "@top": "otus"
        }
      }
    ]
  }
}
