{
  "errors": {
    "REPEATED_ID": {
      "data": [
        "otu1"
      ], 
      "refersTo": {
        "@idref": "otu1", 
        "@otuID": "otu1", 
        "@otusID": "otus1", 
        "@top": "otus"
      }
    }
  }, 
  "warnings": {
    "MISSING_OPTIONAL_KEY": {
      "data": [
        "ot:dataDeposit", 
        "ot:studyPublication", 
        "ot:studyPublicationReference", 
        "ot:studyYear"
      ], 
      "refersTo": {
        "@idref": "some-id", 
        "@top": "nexml"
      }
    }
  }
}
