{
  "errors": {
    "MISSING_MANDATORY_KEY": {
      "data": [
        "nexml"
      ], 
      "refersTo": {
        "@top": ""
      }
    }
  }, 
  "warnings": {
    "UNRECOGNIZED_KEY": {
      "data": [
        "a", 
        "b"
      ], 
      "refersTo": {
        "@top": ""
      }
    }
  }
}
