{
  "errors": {
    "MISSING_MANDATORY_KEY": {
      "data": [
        "@id"
      ], 
      "refersTo": "nexml"
    }, 
    "MISSING_OPTIONAL_KEY": {
      "data": [
        "otus", 
        "trees"
      ], 
      "refersTo": "nexml"
    }, 
    "UNRECOGNIZED_KEY": {
      "data": [
        "bogus"
      ], 
      "refersTo": "top-level"
    }
  }, 
  "warnings": {}
}
