{
  "errors": {
    "MISSING_MANDATORY_KEY": {
      "data": [
        "@id"
      ], 
      "refersTo": {
        "@top": "nexml"
      }
    }
  }, 
  "warnings": {
    "MISSING_OPTIONAL_KEY": {
      "data": [
        "otus", 
        "trees"
      ], 
      "refersTo": {
        "@top": "nexml"
      }
    }, 
    "UNRECOGNIZED_KEY": {
      "data": [
        "bogus"
      ], 
      "refersTo": {
        "@top": ""
      }
    }
  }
}
