{
  "errors": {}, 
  "warnings": {
    "MISSING_OPTIONAL_KEY": [
      {
        "data": [
          "ot:ottId"
        ], 
        "refersTo": {
          "@idref": "otu1"
        }
      }, 
      {
        "data": [
          "ot:ottId"
        ], 
        "refersTo": {
          "@idref": "otu2"
        }
      }
    ]
  }
}
