{
  "errors": {
    "MISSING_CRUCIAL_CONTENT": {
      "data": [
        "^ot:treesElementOrder", 
        "treesById"
      ], 
      "refersTo": {
        "@idref": "bogusStudyID"
      }
    }
  }, 
  "warnings": {
    "MISSING_OPTIONAL_KEY": {
      "data": [
        "^ot:ottId"
      ], 
      "refersTo": {
        "@idref": [
          "otu1", 
          "otu2"
        ]
      }
    }
  }
}
