{
  "errors": {
    "INVALID_PROPERTY_VALUE": {
      "data": [
        "ot:isLeaf"
      ], 
      "refersTo": {
        "@idref": [
          "node251"
        ], 
        "@nodeID": [
          "node251"
        ], 
        "@top": "trees", 
        "@treeID": "tree1", 
        "@treesID": "trees9"
      }
    }
  }, 
  "warnings": {
    "MISSING_OPTIONAL_KEY": {
      "data": [
        "^ot:branchLengthDescription", 
        "^ot:branchLengthTimeUnit", 
        "^ot:outGroupEdge"
      ], 
      "refersTo": {
        "@idref": "tree1", 
        "@top": "trees", 
        "@treeID": "tree1", 
        "@treesID": "trees9"
      }
    }, 
    "UNRECOGNIZED_KEY": [
      {
        "data": [
          "^ot:ottTaxonName"
        ], 
        "refersTo": {
          "@idref": "node100", 
          "@nodeID": "node100", 
          "@top": "trees", 
          "@treeID": "tree1", 
          "@treesID": "trees9"
        }
      }, 
      {
        "data": [
          "^ot:ottTaxonName"
        ], 
        "refersTo": {
          "@idref": "node106", 
          "@nodeID": "node106", 
          "@top": "trees", 
          "@treeID": "tree1", 
          "@treesID": "trees9"
        }
      }, 
      {
        "data": [
          "^ot:ottTaxonName"
        ], 
        "refersTo": {
          "@idref": "node107", 
          "@nodeID": "node107", 
          "@top": "trees", 
          "@treeID": "tree1", 
          "@treesID": "trees9"
        }
      }, 
      {
        "data": [
          "^ot:ottTaxonName"
        ], 
        "refersTo": {
          "@idref": "node108", 
          "@nodeID": "node108", 
          "@top": "trees", 
          "@treeID": "tree1", 
          "@treesID": "trees9"
        }
      }, 
      {
        "data": [
          "^ot:ottTaxonName"
        ], 
        "refersTo": {
          "@idref": "node111", 
          "@nodeID": "node111", 
          "@top": "trees", 
          "@treeID": "tree1", 
          "@treesID": "trees9"
        }
      }, 
      {
        "data": [
          "^ot:ottTaxonName"
        ], 
        "refersTo": {
          "@idref": "node112", 
          "@nodeID": "node112", 
          "@top": "trees", 
          "@treeID": "tree1", 
          "@treesID": "trees9"
        }
      }, 
      {
        "data": [
          "^ot:ottTaxonName"
        ], 
        "refersTo": {
          "@idref": "node113", 
          "@nodeID": "node113", 
          "@top": "trees", 
          "@treeID": "tree1", 
          "@treesID": "trees9"
        }
      }, 
      {
        "data": [
          "^ot:ottTaxonName"
        ], 
        "refersTo": {
          "@idref": "node114", 
          "@nodeID": "node114", 
          "@top": "trees", 
          "@treeID": "tree1", 
          "@treesID": "trees9"
        }
      }, 
      {
        "data": [
          "^ot:ottTaxonName"
        ], 
        "refersTo": {
          "@idref": "node116", 
          "@nodeID": "node116", 
          "@top": "trees", 
          "@treeID": "tree1", 
          "@treesID": "trees9"
        }
      }, 
      {
        "data": [
          "^ot:ottTaxonName"
        ], 
        "refersTo": {
          "@idref": "node117", 
          "@nodeID": "node117", 
          "@top": "trees", 
          "@treeID": "tree1", 
          "@treesID": "trees9"
        }
      }, 
      {
        "data": [
          "^ot:ottTaxonName"
        ], 
        "refersTo": {
          "@idref": "node118", 
          "@nodeID": "node118", 
          "@top": "trees", 
          "@treeID": "tree1", 
          "@treesID": "trees9"
        }
      }, 
      {
        "data": [
          "^ot:ottTaxonName"
        ], 
        "refersTo": {
          "@idref": "node120", 
          "@nodeID": "node120", 
          "@top": "trees", 
          "@treeID": "tree1", 
          "@treesID": "trees9"
        }
      }, 
      {
        "data": [
          "^ot:ottTaxonName"
        ], 
        "refersTo": {
          "@idref": "node121", 
          "@nodeID": "node121", 
          "@top": "trees", 
          "@treeID": "tree1", 
          "@treesID": "trees9"
        }
      }, 
      {
        "data": [
          "^ot:ottTaxonName"
        ], 
        "refersTo": {
          "@idref": "node122", 
          "@nodeID": "node122", 
          "@top": "trees", 
          "@treeID": "tree1", 
          "@treesID": "trees9"
        }
      }, 
      {
        "data": [
          "^ot:ottTaxonName"
        ], 
        "refersTo": {
          "@idref": "node125", 
          "@nodeID": "node125", 
          "@top": "trees", 
          "@treeID": "tree1", 
          "@treesID": "trees9"
        }
      }, 
      {
        "data": [
          "^ot:ottTaxonName"
        ], 
        "refersTo": {
          "@idref": "node126", 
          "@nodeID": "node126", 
          "@top": "trees", 
          "@treeID": "tree1", 
          "@treesID": "trees9"
        }
      }, 
      {
        "data": [
          "^ot:ottTaxonName"
        ], 
        "refersTo": {
          "@idref": "node127", 
          "@nodeID": "node127", 
          "@top": "trees", 
          "@treeID": "tree1", 
          "@treesID": "trees9"
        }
      }, 
      {
        "data": [
          "^ot:ottTaxonName"
        ], 
        "refersTo": {
          "@idref": "node128", 
          "@nodeID": "node128", 
          "@top": "trees", 
          "@treeID": "tree1", 
          "@treesID": "trees9"
        }
      }, 
      {
        "data": [
          "^ot:ottTaxonName"
        ], 
        "refersTo": {
          "@idref": "node131", 
          "@nodeID": "node131", 
          "@top": "trees", 
          "@treeID": "tree1", 
          "@treesID": "trees9"
        }
      }, 
      {
        "data": [
          "^ot:ottTaxonName"
        ], 
        "refersTo": {
          "@idref": "node132", 
          "@nodeID": "node132", 
          "@top": "trees", 
          "@treeID": "tree1", 
          "@treesID": "trees9"
        }
      }, 
      {
        "data": [
          "^ot:ottTaxonName"
        ], 
        "refersTo": {
          "@idref": "node134", 
          "@nodeID": "node134", 
          "@top": "trees", 
          "@treeID": "tree1", 
          "@treesID": "trees9"
        }
      }, 
      {
        "data": [
          "^ot:ottTaxonName"
        ], 
        "refersTo": {
          "@idref": "node135", 
          "@nodeID": "node135", 
          "@top": "trees", 
          "@treeID": "tree1", 
          "@treesID": "trees9"
        }
      }, 
      {
        "data": [
          "^ot:ottTaxonName"
        ], 
        "refersTo": {
          "@idref": "node142", 
          "@nodeID": "node142", 
          "@top": "trees", 
          "@treeID": "tree1", 
          "@treesID": "trees9"
        }
      }, 
      {
        "data": [
          "^ot:ottTaxonName"
        ], 
        "refersTo": {
          "@idref": "node143", 
          "@nodeID": "node143", 
          "@top": "trees", 
          "@treeID": "tree1", 
          "@treesID": "trees9"
        }
      }, 
      {
        "data": [
          "^ot:ottTaxonName"
        ], 
        "refersTo": {
          "@idref": "node144", 
          "@nodeID": "node144", 
          "@top": "trees", 
          "@treeID": "tree1", 
          "@treesID": "trees9"
        }
      }, 
      {
        "data": [
          "^ot:ottTaxonName"
        ], 
        "refersTo": {
          "@idref": "node145", 
          "@nodeID": "node145", 
          "@top": "trees", 
          "@treeID": "tree1", 
          "@treesID": "trees9"
        }
      }, 
      {
        "data": [
          "^ot:ottTaxonName"
        ], 
        "refersTo": {
          "@idref": "node146", 
          "@nodeID": "node146", 
          "@top": "trees", 
          "@treeID": "tree1", 
          "@treesID": "trees9"
        }
      }, 
      {
        "data": [
          "^ot:ottTaxonName"
        ], 
        "refersTo": {
          "@idref": "node147", 
          "@nodeID": "node147", 
          "@top": "trees", 
          "@treeID": "tree1", 
          "@treesID": "trees9"
        }
      }, 
      {
        "data": [
          "^ot:ottTaxonName"
        ], 
        "refersTo": {
          "@idref": "node148", 
          "@nodeID": "node148", 
          "@top": "trees", 
          "@treeID": "tree1", 
          "@treesID": "trees9"
        }
      }, 
      {
        "data": [
          "^ot:ottTaxonName"
        ], 
        "refersTo": {
          "@idref": "node161", 
          "@nodeID": "node161", 
          "@top": "trees", 
          "@treeID": "tree1", 
          "@treesID": "trees9"
        }
      }, 
      {
        "data": [
          "^ot:ottTaxonName"
        ], 
        "refersTo": {
          "@idref": "node162", 
          "@nodeID": "node162", 
          "@top": "trees", 
          "@treeID": "tree1", 
          "@treesID": "trees9"
        }
      }, 
      {
        "data": [
          "^ot:ottTaxonName"
        ], 
        "refersTo": {
          "@idref": "node163", 
          "@nodeID": "node163", 
          "@top": "trees", 
          "@treeID": "tree1", 
          "@treesID": "trees9"
        }
      }, 
      {
        "data": [
          "^ot:ottTaxonName"
        ], 
        "refersTo": {
          "@idref": "node166", 
          "@nodeID": "node166", 
          "@top": "trees", 
          "@treeID": "tree1", 
          "@treesID": "trees9"
        }
      }, 
      {
        "data": [
          "^ot:ottTaxonName"
        ], 
        "refersTo": {
          "@idref": "node167", 
          "@nodeID": "node167", 
          "@top": "trees", 
          "@treeID": "tree1", 
          "@treesID": "trees9"
        }
      }, 
      {
        "data": [
          "^ot:ottTaxonName"
        ], 
        "refersTo": {
          "@idref": "node168", 
          "@nodeID": "node168", 
          "@top": "trees", 
          "@treeID": "tree1", 
          "@treesID": "trees9"
        }
      }, 
      {
        "data": [
          "^ot:ottTaxonName"
        ], 
        "refersTo": {
          "@idref": "node170", 
          "@nodeID": "node170", 
          "@top": "trees", 
          "@treeID": "tree1", 
          "@treesID": "trees9"
        }
      }, 
      {
        "data": [
          "^ot:ottTaxonName"
        ], 
        "refersTo": {
          "@idref": "node171", 
          "@nodeID": "node171", 
          "@top": "trees", 
          "@treeID": "tree1", 
          "@treesID": "trees9"
        }
      }, 
      {
        "data": [
          "^ot:ottTaxonName"
        ], 
        "refersTo": {
          "@idref": "node172", 
          "@nodeID": "node172", 
          "@top": "trees", 
          "@treeID": "tree1", 
          "@treesID": "trees9"
        }
      }, 
      {
        "data": [
          "^ot:ottTaxonName"
        ], 
        "refersTo": {
          "@idref": "node175", 
          "@nodeID": "node175", 
          "@top": "trees", 
          "@treeID": "tree1", 
          "@treesID": "trees9"
        }
      }, 
      {
        "data": [
          "^ot:ottTaxonName"
        ], 
        "refersTo": {
          "@idref": "node176", 
          "@nodeID": "node176", 
          "@top": "trees", 
          "@treeID": "tree1", 
          "@treesID": "trees9"
        }
      }, 
      {
        "data": [
          "^ot:ottTaxonName"
        ], 
        "refersTo": {
          "@idref": "node177", 
          "@nodeID": "node177", 
          "@top": "trees", 
          "@treeID": "tree1", 
          "@treesID": "trees9"
        }
      }, 
      {
        "data": [
          "^ot:ottTaxonName"
        ], 
        "refersTo": {
          "@idref": "node180", 
          "@nodeID": "node180", 
          "@top": "trees", 
          "@treeID": "tree1", 
          "@treesID": "trees9"
        }
      }, 
      {
        "data": [
          "^ot:ottTaxonName"
        ], 
        "refersTo": {
          "@idref": "node181", 
          "@nodeID": "node181", 
          "@top": "trees", 
          "@treeID": "tree1", 
          "@treesID": "trees9"
        }
      }, 
      {
        "data": [
          "^ot:ottTaxonName"
        ], 
        "refersTo": {
          "@idref": "node182", 
          "@nodeID": "node182", 
          "@top": "trees", 
          "@treeID": "tree1", 
          "@treesID": "trees9"
        }
      }, 
      {
        "data": [
          "^ot:ottTaxonName"
        ], 
        "refersTo": {
          "@idref": "node185", 
          "@nodeID": "node185", 
          "@top": "trees", 
          "@treeID": "tree1", 
          "@treesID": "trees9"
        }
      }, 
      {
        "data": [
          "^ot:ottTaxonName"
        ], 
        "refersTo": {
          "@idref": "node186", 
          "@nodeID": "node186", 
          "@top": "trees", 
          "@treeID": "tree1", 
          "@treesID": "trees9"
        }
      }, 
      {
        "data": [
          "^ot:ottTaxonName"
        ], 
        "refersTo": {
          "@idref": "node188", 
          "@nodeID": "node188", 
          "@top": "trees", 
          "@treeID": "tree1", 
          "@treesID": "trees9"
        }
      }, 
      {
        "data": [
          "^ot:ottTaxonName"
        ], 
        "refersTo": {
          "@idref": "node189", 
          "@nodeID": "node189", 
          "@top": "trees", 
          "@treeID": "tree1", 
          "@treesID": "trees9"
        }
      }, 
      {
        "data": [
          "^ot:ottTaxonName"
        ], 
        "refersTo": {
          "@idref": "node19", 
          "@nodeID": "node19", 
          "@top": "trees", 
          "@treeID": "tree1", 
          "@treesID": "trees9"
        }
      }, 
      {
        "data": [
          "^ot:ottTaxonName"
        ], 
        "refersTo": {
          "@idref": "node192", 
          "@nodeID": "node192", 
          "@top": "trees", 
          "@treeID": "tree1", 
          "@treesID": "trees9"
        }
      }, 
      {
        "data": [
          "^ot:ottTaxonName"
        ], 
        "refersTo": {
          "@idref": "node193", 
          "@nodeID": "node193", 
          "@top": "trees", 
          "@treeID": "tree1", 
          "@treesID": "trees9"
        }
      }, 
      {
        "data": [
          "^ot:ottTaxonName"
        ], 
        "refersTo": {
          "@idref": "node194", 
          "@nodeID": "node194", 
          "@top": "trees", 
          "@treeID": "tree1", 
          "@treesID": "trees9"
        }
      }, 
      {
        "data": [
          "^ot:ottTaxonName"
        ], 
        "refersTo": {
          "@idref": "node199", 
          "@nodeID": "node199", 
          "@top": "trees", 
          "@treeID": "tree1", 
          "@treesID": "trees9"
        }
      }, 
      {
        "data": [
          "^ot:ottTaxonName"
        ], 
        "refersTo": {
          "@idref": "node20", 
          "@nodeID": "node20", 
          "@top": "trees", 
          "@treeID": "tree1", 
          "@treesID": "trees9"
        }
      }, 
      {
        "data": [
          "^ot:ottTaxonName"
        ], 
        "refersTo": {
          "@idref": "node200", 
          "@nodeID": "node200", 
          "@top": "trees", 
          "@treeID": "tree1", 
          "@treesID": "trees9"
        }
      }, 
      {
        "data": [
          "^ot:ottTaxonName"
        ], 
        "refersTo": {
          "@idref": "node201", 
          "@nodeID": "node201", 
          "@top": "trees", 
          "@treeID": "tree1", 
          "@treesID": "trees9"
        }
      }, 
      {
        "data": [
          "^ot:ottTaxonName"
        ], 
        "refersTo": {
          "@idref": "node202", 
          "@nodeID": "node202", 
          "@top": "trees", 
          "@treeID": "tree1", 
          "@treesID": "trees9"
        }
      }, 
      {
        "data": [
          "^ot:ottTaxonName"
        ], 
        "refersTo": {
          "@idref": "node205", 
          "@nodeID": "node205", 
          "@top": "trees", 
          "@treeID": "tree1", 
          "@treesID": "trees9"
        }
      }, 
      {
        "data": [
          "^ot:ottTaxonName"
        ], 
        "refersTo": {
          "@idref": "node206", 
          "@nodeID": "node206", 
          "@top": "trees", 
          "@treeID": "tree1", 
          "@treesID": "trees9"
        }
      }, 
      {
        "data": [
          "^ot:ottTaxonName"
        ], 
        "refersTo": {
          "@idref": "node207", 
          "@nodeID": "node207", 
          "@top": "trees", 
          "@treeID": "tree1", 
          "@treesID": "trees9"
        }
      }, 
      {
        "data": [
          "^ot:ottTaxonName"
        ], 
        "refersTo": {
          "@idref": "node208", 
          "@nodeID": "node208", 
          "@top": "trees", 
          "@treeID": "tree1", 
          "@treesID": "trees9"
        }
      }, 
      {
        "data": [
          "^ot:ottTaxonName"
        ], 
        "refersTo": {
          "@idref": "node213", 
          "@nodeID": "node213", 
          "@top": "trees", 
          "@treeID": "tree1", 
          "@treesID": "trees9"
        }
      }, 
      {
        "data": [
          "^ot:ottTaxonName"
        ], 
        "refersTo": {
          "@idref": "node214", 
          "@nodeID": "node214", 
          "@top": "trees", 
          "@treeID": "tree1", 
          "@treesID": "trees9"
        }
      }, 
      {
        "data": [
          "^ot:ottTaxonName"
        ], 
        "refersTo": {
          "@idref": "node215", 
          "@nodeID": "node215", 
          "@top": "trees", 
          "@treeID": "tree1", 
          "@treesID": "trees9"
        }
      }, 
      {
        "data": [
          "^ot:ottTaxonName"
        ], 
        "refersTo": {
          "@idref": "node218", 
          "@nodeID": "node218", 
          "@top": "trees", 
          "@treeID": "tree1", 
          "@treesID": "trees9"
        }
      }, 
      {
        "data": [
          "^ot:ottTaxonName"
        ], 
        "refersTo": {
          "@idref": "node219", 
          "@nodeID": "node219", 
          "@top": "trees", 
          "@treeID": "tree1", 
          "@treesID": "trees9"
        }
      }, 
      {
        "data": [
          "^ot:ottTaxonName"
        ], 
        "refersTo": {
          "@idref": "node22", 
          "@nodeID": "node22", 
          "@top": "trees", 
          "@treeID": "tree1", 
          "@treesID": "trees9"
        }
      }, 
      {
        "data": [
          "^ot:ottTaxonName"
        ], 
        "refersTo": {
          "@idref": "node220", 
          "@nodeID": "node220", 
          "@top": "trees", 
          "@treeID": "tree1", 
          "@treesID": "trees9"
        }
      }, 
      {
        "data": [
          "^ot:ottTaxonName"
        ], 
        "refersTo": {
          "@idref": "node224", 
          "@nodeID": "node224", 
          "@top": "trees", 
          "@treeID": "tree1", 
          "@treesID": "trees9"
        }
      }, 
      {
        "data": [
          "^ot:ottTaxonName"
        ], 
        "refersTo": {
          "@idref": "node225", 
          "@nodeID": "node225", 
          "@top": "trees", 
          "@treeID": "tree1", 
          "@treesID": "trees9"
        }
      }, 
      {
        "data": [
          "^ot:ottTaxonName"
        ], 
        "refersTo": {
          "@idref": "node226", 
          "@nodeID": "node226", 
          "@top": "trees", 
          "@treeID": "tree1", 
          "@treesID": "trees9"
        }
      }, 
      {
        "data": [
          "^ot:ottTaxonName"
        ], 
        "refersTo": {
          "@idref": "node227", 
          "@nodeID": "node227", 
          "@top": "trees", 
          "@treeID": "tree1", 
          "@treesID": "trees9"
        }
      }, 
      {
        "data": [
          "^ot:ottTaxonName"
        ], 
        "refersTo": {
          "@idref": "node23", 
          "@nodeID": "node23", 
          "@top": "trees", 
          "@treeID": "tree1", 
          "@treesID": "trees9"
        }
      }, 
      {
        "data": [
          "^ot:ottTaxonName"
        ], 
        "refersTo": {
          "@idref": "node232", 
          "@nodeID": "node232", 
          "@top": "trees", 
          "@treeID": "tree1", 
          "@treesID": "trees9"
        }
      }, 
      {
        "data": [
          "^ot:ottTaxonName"
        ], 
        "refersTo": {
          "@idref": "node233", 
          "@nodeID": "node233", 
          "@top": "trees", 
          "@treeID": "tree1", 
          "@treesID": "trees9"
        }
      }, 
      {
        "data": [
          "^ot:ottTaxonName"
        ], 
        "refersTo": {
          "@idref": "node234", 
          "@nodeID": "node234", 
          "@top": "trees", 
          "@treeID": "tree1", 
          "@treesID": "trees9"
        }
      }, 
      {
        "data": [
          "^ot:ottTaxonName"
        ], 
        "refersTo": {
          "@idref": "node237", 
          "@nodeID": "node237", 
          "@top": "trees", 
          "@treeID": "tree1", 
          "@treesID": "trees9"
        }
      }, 
      {
        "data": [
          "^ot:ottTaxonName"
        ], 
        "refersTo": {
          "@idref": "node238", 
          "@nodeID": "node238", 
          "@top": "trees", 
          "@treeID": "tree1", 
          "@treesID": "trees9"
        }
      }, 
      {
        "data": [
          "^ot:ottTaxonName"
        ], 
        "refersTo": {
          "@idref": "node239", 
          "@nodeID": "node239", 
          "@top": "trees", 
          "@treeID": "tree1", 
          "@treesID": "trees9"
        }
      }, 
      {
        "data": [
          "^ot:ottTaxonName"
        ], 
        "refersTo": {
          "@idref": "node24", 
          "@nodeID": "node24", 
          "@top": "trees", 
          "@treeID": "tree1", 
          "@treesID": "trees9"
        }
      }, 
      {
        "data": [
          "^ot:ottTaxonName"
        ], 
        "refersTo": {
          "@idref": "node242", 
          "@nodeID": "node242", 
          "@top": "trees", 
          "@treeID": "tree1", 
          "@treesID": "trees9"
        }
      }, 
      {
        "data": [
          "^ot:ottTaxonName"
        ], 
        "refersTo": {
          "@idref": "node243", 
          "@nodeID": "node243", 
          "@top": "trees", 
          "@treeID": "tree1", 
          "@treesID": "trees9"
        }
      }, 
      {
        "data": [
          "^ot:ottTaxonName"
        ], 
        "refersTo": {
          "@idref": "node244", 
          "@nodeID": "node244", 
          "@top": "trees", 
          "@treeID": "tree1", 
          "@treesID": "trees9"
        }
      }, 
      {
        "data": [
          "^ot:ottTaxonName"
        ], 
        "refersTo": {
          "@idref": "node247", 
          "@nodeID": "node247", 
          "@top": "trees", 
          "@treeID": "tree1", 
          "@treesID": "trees9"
        }
      }, 
      {
        "data": [
          "^ot:ottTaxonName"
        ], 
        "refersTo": {
          "@idref": "node248", 
          "@nodeID": "node248", 
          "@top": "trees", 
          "@treeID": "tree1", 
          "@treesID": "trees9"
        }
      }, 
      {
        "data": [
          "^ot:ottTaxonName"
        ], 
        "refersTo": {
          "@idref": "node249", 
          "@nodeID": "node249", 
          "@top": "trees", 
          "@treeID": "tree1", 
          "@treesID": "trees9"
        }
      }, 
      {
        "data": [
          "^ot:ottTaxonName"
        ], 
        "refersTo": {
          "@idref": "node25", 
          "@nodeID": "node25", 
          "@top": "trees", 
          "@treeID": "tree1", 
          "@treesID": "trees9"
        }
      }, 
      {
        "data": [
          "^ot:ottTaxonName"
        ], 
        "refersTo": {
          "@idref": "node250", 
          "@nodeID": "node250", 
          "@top": "trees", 
          "@treeID": "tree1", 
          "@treesID": "trees9"
        }
      }, 
      {
        "data": [
          "^ot:ottTaxonName"
        ], 
        "refersTo": {
          "@idref": "node251", 
          "@nodeID": "node251", 
          "@top": "trees", 
          "@treeID": "tree1", 
          "@treesID": "trees9"
        }
      }, 
      {
        "data": [
          "^ot:ottTaxonName"
        ], 
        "refersTo": {
          "@idref": "node29", 
          "@nodeID": "node29", 
          "@top": "trees", 
          "@treeID": "tree1", 
          "@treesID": "trees9"
        }
      }, 
      {
        "data": [
          "^ot:ottTaxonName"
        ], 
        "refersTo": {
          "@idref": "node30", 
          "@nodeID": "node30", 
          "@top": "trees", 
          "@treeID": "tree1", 
          "@treesID": "trees9"
        }
      }, 
      {
        "data": [
          "^ot:ottTaxonName"
        ], 
        "refersTo": {
          "@idref": "node31", 
          "@nodeID": "node31", 
          "@top": "trees", 
          "@treeID": "tree1", 
          "@treesID": "trees9"
        }
      }, 
      {
        "data": [
          "^ot:ottTaxonName"
        ], 
        "refersTo": {
          "@idref": "node32", 
          "@nodeID": "node32", 
          "@top": "trees", 
          "@treeID": "tree1", 
          "@treesID": "trees9"
        }
      }, 
      {
        "data": [
          "^ot:ottTaxonName"
        ], 
        "refersTo": {
          "@idref": "node36", 
          "@nodeID": "node36", 
          "@top": "trees", 
          "@treeID": "tree1", 
          "@treesID": "trees9"
        }
      }, 
      {
        "data": [
          "^ot:ottTaxonName"
        ], 
        "refersTo": {
          "@idref": "node37", 
          "@nodeID": "node37", 
          "@top": "trees", 
          "@treeID": "tree1", 
          "@treesID": "trees9"
        }
      }, 
      {
        "data": [
          "^ot:ottTaxonName"
        ], 
        "refersTo": {
          "@idref": "node38", 
          "@nodeID": "node38", 
          "@top": "trees", 
          "@treeID": "tree1", 
          "@treesID": "trees9"
        }
      }, 
      {
        "data": [
          "^ot:ottTaxonName"
        ], 
        "refersTo": {
          "@idref": "node39", 
          "@nodeID": "node39", 
          "@top": "trees", 
          "@treeID": "tree1", 
          "@treesID": "trees9"
        }
      }, 
      {
        "data": [
          "^ot:ottTaxonName"
        ], 
        "refersTo": {
          "@idref": "node43", 
          "@nodeID": "node43", 
          "@top": "trees", 
          "@treeID": "tree1", 
          "@treesID": "trees9"
        }
      }, 
      {
        "data": [
          "^ot:ottTaxonName"
        ], 
        "refersTo": {
          "@idref": "node44", 
          "@nodeID": "node44", 
          "@top": "trees", 
          "@treeID": "tree1", 
          "@treesID": "trees9"
        }
      }, 
      {
        "data": [
          "^ot:ottTaxonName"
        ], 
        "refersTo": {
          "@idref": "node45", 
          "@nodeID": "node45", 
          "@top": "trees", 
          "@treeID": "tree1", 
          "@treesID": "trees9"
        }
      }, 
      {
        "data": [
          "^ot:ottTaxonName"
        ], 
        "refersTo": {
          "@idref": "node46", 
          "@nodeID": "node46", 
          "@top": "trees", 
          "@treeID": "tree1", 
          "@treesID": "trees9"
        }
      }, 
      {
        "data": [
          "^ot:ottTaxonName"
        ], 
        "refersTo": {
          "@idref": "node51", 
          "@nodeID": "node51", 
          "@top": "trees", 
          "@treeID": "tree1", 
          "@treesID": "trees9"
        }
      }, 
      {
        "data": [
          "^ot:ottTaxonName"
        ], 
        "refersTo": {
          "@idref": "node52", 
          "@nodeID": "node52", 
          "@top": "trees", 
          "@treeID": "tree1", 
          "@treesID": "trees9"
        }
      }, 
      {
        "data": [
          "^ot:ottTaxonName"
        ], 
        "refersTo": {
          "@idref": "node53", 
          "@nodeID": "node53", 
          "@top": "trees", 
          "@treeID": "tree1", 
          "@treesID": "trees9"
        }
      }, 
      {
        "data": [
          "^ot:ottTaxonName"
        ], 
        "refersTo": {
          "@idref": "node54", 
          "@nodeID": "node54", 
          "@top": "trees", 
          "@treeID": "tree1", 
          "@treesID": "trees9"
        }
      }, 
      {
        "data": [
          "^ot:ottTaxonName"
        ], 
        "refersTo": {
          "@idref": "node55", 
          "@nodeID": "node55", 
          "@top": "trees", 
          "@treeID": "tree1", 
          "@treesID": "trees9"
        }
      }, 
      {
        "data": [
          "^ot:ottTaxonName"
        ], 
        "refersTo": {
          "@idref": "node57", 
          "@nodeID": "node57", 
          "@top": "trees", 
          "@treeID": "tree1", 
          "@treesID": "trees9"
        }
      }, 
      {
        "data": [
          "^ot:ottTaxonName"
        ], 
        "refersTo": {
          "@idref": "node58", 
          "@nodeID": "node58", 
          "@top": "trees", 
          "@treeID": "tree1", 
          "@treesID": "trees9"
        }
      }, 
      {
        "data": [
          "^ot:ottTaxonName"
        ], 
        "refersTo": {
          "@idref": "node63", 
          "@nodeID": "node63", 
          "@top": "trees", 
          "@treeID": "tree1", 
          "@treesID": "trees9"
        }
      }, 
      {
        "data": [
          "^ot:ottTaxonName"
        ], 
        "refersTo": {
          "@idref": "node64", 
          "@nodeID": "node64", 
          "@top": "trees", 
          "@treeID": "tree1", 
          "@treesID": "trees9"
        }
      }, 
      {
        "data": [
          "^ot:ottTaxonName"
        ], 
        "refersTo": {
          "@idref": "node65", 
          "@nodeID": "node65", 
          "@top": "trees", 
          "@treeID": "tree1", 
          "@treesID": "trees9"
        }
      }, 
      {
        "data": [
          "^ot:ottTaxonName"
        ], 
        "refersTo": {
          "@idref": "node66", 
          "@nodeID": "node66", 
          "@top": "trees", 
          "@treeID": "tree1", 
          "@treesID": "trees9"
        }
      }, 
      {
        "data": [
          "^ot:ottTaxonName"
        ], 
        "refersTo": {
          "@idref": "node67", 
          "@nodeID": "node67", 
          "@top": "trees", 
          "@treeID": "tree1", 
          "@treesID": "trees9"
        }
      }, 
      {
        "data": [
          "^ot:ottTaxonName"
        ], 
        "refersTo": {
          "@idref": "node70", 
          "@nodeID": "node70", 
          "@top": "trees", 
          "@treeID": "tree1", 
          "@treesID": "trees9"
        }
      }, 
      {
        "data": [
          "^ot:ottTaxonName"
        ], 
        "refersTo": {
          "@idref": "node71", 
          "@nodeID": "node71", 
          "@top": "trees", 
          "@treeID": "tree1", 
          "@treesID": "trees9"
        }
      }, 
      {
        "data": [
          "^ot:ottTaxonName"
        ], 
        "refersTo": {
          "@idref": "node72", 
          "@nodeID": "node72", 
          "@top": "trees", 
          "@treeID": "tree1", 
          "@treesID": "trees9"
        }
      }, 
      {
        "data": [
          "^ot:ottTaxonName"
        ], 
        "refersTo": {
          "@idref": "node86", 
          "@nodeID": "node86", 
          "@top": "trees", 
          "@treeID": "tree1", 
          "@treesID": "trees9"
        }
      }, 
      {
        "data": [
          "^ot:ottTaxonName"
        ], 
        "refersTo": {
          "@idref": "node87", 
          "@nodeID": "node87", 
          "@top": "trees", 
          "@treeID": "tree1", 
          "@treesID": "trees9"
        }
      }, 
      {
        "data": [
          "^ot:ottTaxonName"
        ], 
        "refersTo": {
          "@idref": "node88", 
          "@nodeID": "node88", 
          "@top": "trees", 
          "@treeID": "tree1", 
          "@treesID": "trees9"
        }
      }, 
      {
        "data": [
          "^ot:ottTaxonName"
        ], 
        "refersTo": {
          "@idref": "node89", 
          "@nodeID": "node89", 
          "@top": "trees", 
          "@treeID": "tree1", 
          "@treesID": "trees9"
        }
      }, 
      {
        "data": [
          "^ot:ottTaxonName"
        ], 
        "refersTo": {
          "@idref": "node90", 
          "@nodeID": "node90", 
          "@top": "trees", 
          "@treeID": "tree1", 
          "@treesID": "trees9"
        }
      }, 
      {
        "data": [
          "^ot:ottTaxonName"
        ], 
        "refersTo": {
          "@idref": "node92", 
          "@nodeID": "node92", 
          "@top": "trees", 
          "@treeID": "tree1", 
          "@treesID": "trees9"
        }
      }, 
      {
        "data": [
          "^ot:ottTaxonName"
        ], 
        "refersTo": {
          "@idref": "node93", 
          "@nodeID": "node93", 
          "@top": "trees", 
          "@treeID": "tree1", 
          "@treesID": "trees9"
        }
      }, 
      {
        "data": [
          "^ot:ottTaxonName"
        ], 
        "refersTo": {
          "@idref": "node94", 
          "@nodeID": "node94", 
          "@top": "trees", 
          "@treeID": "tree1", 
          "@treesID": "trees9"
        }
      }, 
      {
        "data": [
          "^ot:ottTaxonName"
        ], 
        "refersTo": {
          "@idref": "node96", 
          "@nodeID": "node96", 
          "@top": "trees", 
          "@treeID": "tree1", 
          "@treesID": "trees9"
        }
      }, 
      {
        "data": [
          "^ot:ottTaxonName"
        ], 
        "refersTo": {
          "@idref": "node97", 
          "@nodeID": "node97", 
          "@top": "trees", 
          "@treeID": "tree1", 
          "@treesID": "trees9"
        }
      }, 
      {
        "data": [
          "^ot:ottTaxonName"
        ], 
        "refersTo": {
          "@idref": "node99", 
          "@nodeID": "node99", 
          "@top": "trees", 
          "@treeID": "tree1", 
          "@treesID": "trees9"
        }
      }
    ]
  }
}
