{
  "errors": {
    "INCORRECT_VALUE_TYPE": {
      "data": [
        {
          "expected": "integer", 
          "key": "ot:studyYear", 
          "type": "unicode"
        }
      ], 
      "refersTo": {
        "@idref": "bogusStudyID"
      }
    }, 
    "MISSING_CRUCIAL_CONTENT": {
      "data": [
        "otus"
      ], 
      "refersTo": {
        "@idref": "bogusStudyID"
      }
    }
  }, 
  "warnings": {}
}
